2026-10-06 14:30:31.975 Df Lensi[61685:26489] [com.apple.coremedia:] <<<< AVPlayer >>>> -[AVPlayer _runOnIvarAccessQueueOperationThatMayChangeCurrentItemWithPreflightBlock:modificationBlock:error:]_block_invoke: <P/QI|0x10aa674e0> setting timeControlStatus=1, reasonForWaitingToPlay=AVPlayerWaitingWhileEvaluatingBufferingRateReason
2026-10-06 14:30:31.975 Df Lensi[61685:26489] [com.apple.coremedia:] <<<< AVPlayer >>>> -[AVPlayer _runOnIvarAccessQueueOperationThatMayChangeCurrentItemWithPreflightBlock:modificationBlock:error:]_block_invoke: <P/QI|0x10aa674e0> currentItem KVO: will didChange AVPlayer.currentItem
2026-10-06 14:30:31.985 Df Lensi[61685:26489] [com.apple.coremedia:] <<<< AVPlayer >>>> -[AVPlayer _runOnIvarAccessQueueOperationThatMayChangeCurrentItemWithPreflightBlock:modificationBlock:error:]_block_invoke: <P/QI|0x10aa674e0> currentItem KVO: did didChange AVPlayer.currentItem
2026-10-06 14:30:31.997 Df Lensi[61685:26595] [com.apple.coremedia:player] <<<< FigFilePlayer >>>> playerfig_AddToPlayQueue: [0x11555e800] P/QI item 0x115a20a00 I/FAU.01 at index 0; WILL disturb play queue; is NOT preparing for transition; returning with error 0
2026-10-06 14:30:32.021 Df Lensi[61685:2658d] [com.apple.coremedia:] <<<< VMC >>>> vmc2BuildDecompressionSession: [0x115beb700:P/QI:I/FAU.01.t1a] decompression session 0x116b1c300 (error 0)
Error: (null)
2026-10-06 14:30:36.092 Df Lensi[61685:26593] [com.apple.avkit:AVKit] -[AVVideoFrameVisualAnalyzer _startVideoFrameAnalysis]_block_invoke_2 Analysis completion handler called for request ID: 1, error: (null)
2026-10-06 14:30:36.092 Df Lensi[61685:26489] [com.apple.avkit:AVKit] -[AVVideoFrameVisualAnalyzer _handleVideoFrameAnalysis:error:] 232
2026-10-06 14:30:36.092 Df Lensi[61685:26489] [com.apple.avkit:AVKit] -[AVVideoFrameVisualAnalyzer _handleVideoFrameAnalysis:error:] Resetting the current analysis request ID
2026-10-06 14:30:36.490 E  Lensi[61685:26579] [com.apple.e5rt:e5rt] E5RT encountered an STL exception. msg = On-device compilation within a VM only supports CPU currently..
2026-10-06 14:30:36.537 E  Lensi[61685:26579] [com.apple.Quagga:Inference] e5rt_e5_compiler_compile failed: (11): OPERATION ERROR
2026-10-06 14:30:36.539 E  Lensi[61685:26579] [com.apple.Quagga:Context] [PREFLIGHTING] context 0x1370139c0: failed to preflight ANMDModel, error: Error Domain=MRCErrorDomain Code=-6001 "Unable to compile network." UserInfo={NSDescription=Unable to compile network., MRCErrorE5RTErrorCodeKey=11, MRCErrorE5RTErrorCodeStringKey=OPERATION ERROR}
2026-10-06 14:30:37.225 E  Lensi[61685:26593] [com.apple.VisionKit:com.apple.VisionKit.RemoveBackground] Request to remove background on an unsupported device. Error Domain=com.apple.VisionKit.RemoveBackground Code=-8 "(null)"
2026-10-06 14:30:37.226 E  Lensi[61685:26593] [com.apple.VisionKit:com.apple.VisionKit.RemoveBackground] Error generating mask only remove background image: <VKCImageSubjectHighlightView: 0x116a62a00> id: 1 - Error Domain=com.apple.VisionKit.RemoveBackground Code=-8 "(null)"
2026-10-06 14:30:40.551 E  Lensi[61685:264ad] [com.apple.Quagga:Context] [PREFLIGHTING] context 0x1370139c0: failed to preflight ANMDModel, error: Error Domain=MRCErrorDomain Code=-6001 "Unable to compile network." UserInfo={NSDescription=Unable to compile network., MRCErrorE5RTErrorCodeKey=11, MRCErrorE5RTErrorCodeStringKey=OPERATION ERROR}
2026-10-06 14:31:15.807 Df Lensi[62278:27195] [com.apple.coremedia:] <<<< VMC >>>> vmc2BuildDecompressionSession: [0x114c1ad00:(null)] decompression session 0x10fb78d80 (error 0)
2026-10-06 14:31:15.831 E  Lensi[62278:2718c] [com.apple.coreaudio:as_client] AVAudioSessionImpl_Simulator.mm:139   Unsupported property: SupportsInterruptionEndedAfterActivationError
2026-10-06 14:31:15.949 E  Lensi[62278:26f3a] [com.apple.BoardServices:XPCErrors] non-launching port is incompatible with service identifier "com.apple.PointerUI.pointeruid.default-service"
2026-10-06 14:31:15.960 Df Lensi[62278:26f3a] [com.apple.coremedia:] <<<< AVPlayer >>>> -[AVPlayer _runOnIvarAccessQueueOperationThatMayChangeCurrentItemWithPreflightBlock:modificationBlock:error:]_block_invoke_2: <P/DV|0x10a2623a0> currentItem KVO: will willChange AVPlayer.currentItem
2026-10-06 14:31:15.961 Df Lensi[62278:26f3a] [com.apple.coremedia:] <<<< AVPlayer >>>> -[AVPlayer _runOnIvarAccessQueueOperationThatMayChangeCurrentItemWithPreflightBlock:modificationBlock:error:]_block_invoke: <P/DV|0x10a2623a0> currentItem KVO: did willChange AVPlayer.currentItem
2026-10-06 14:31:15.961 Df Lensi[62278:26f3a] [com.apple.coremedia:] <<<< AVPlayer >>>> -[AVPlayer _runOnIvarAccessQueueOperationThatMayChangeCurrentItemWithPreflightBlock:modificationBlock:error:]_block_invoke: <P/DV|0x10a2623a0> setting timeControlStatus=0, reasonForWaitingToPlay=(null)
2026-10-06 14:31:15.961 Df Lensi[62278:26f3a] [com.apple.coremedia:] <<<< AVPlayer >>>> -[AVPlayer _runOnIvarAccessQueueOperationThatMayChangeCurrentItemWithPreflightBlock:modificationBlock:error:]_block_invoke: <P/DV|0x10a2623a0> currentItem KVO: will didChange AVPlayer.currentItem
2026-10-06 14:31:15.973 Df Lensi[62278:26f3a] [com.apple.coremedia:] <<<< AVPlayer >>>> -[AVPlayer _runOnIvarAccessQueueOperationThatMayChangeCurrentItemWithPreflightBlock:modificationBlock:error:]_block_invoke: <P/DV|0x10a2623a0> currentItem KVO: did didChange AVPlayer.currentItem
2026-10-06 14:31:15.999 Df Lensi[62278:274b8] [com.apple.coremedia:player] <<<< FigFilePlayer >>>> playerfig_AddToPlayQueue: [0x11526cf00] P/DV item 0x1139fb200 I/RVD.01 at index 0; WILL disturb play queue; is NOT preparing for transition; returning with error 0
2026-10-06 14:31:16.226 Df Lensi[62278:26f3a] [com.apple.coremedia:] <<<< AVPlayer >>>> -[AVPlayer _runOnIvarAccessQueueOperationThatMayChangeCurrentItemWithPreflightBlock:modificationBlock:error:]_block_invoke_2: <P/DV|0x10a2623a0> currentItem KVO: will willChange AVPlayer.currentItem
2026-10-06 14:31:16.226 Df Lensi[62278:26f3a] [com.apple.coremedia:] <<<< AVPlayer >>>> -[AVPlayer _runOnIvarAccessQueueOperationThatMayChangeCurrentItemWithPreflightBlock:modificationBlock:error:]_block_invoke: <P/DV|0x10a2623a0> currentItem KVO: did willChange AVPlayer.currentItem
2026-10-06 14:31:16.226 Df Lensi[62278:26f3a] [com.apple.coremedia:] <<<< AVPlayer >>>> -[AVPlayer _runOnIvarAccessQueueOperationThatMayChangeCurrentItemWithPreflightBlock:modificationBlock:error:]_block_invoke: <P/DV|0x10a2623a0> setting timeControlStatus=0, reasonForWaitingToPlay=(null)
2026-10-06 14:31:16.226 Df Lensi[62278:26f3a] [com.apple.coremedia:] <<<< AVPlayer >>>> -[AVPlayer _runOnIvarAccessQueueOperationThatMayChangeCurrentItemWithPreflightBlock:modificationBlock:error:]_block_invoke: <P/DV|0x10a2623a0> currentItem KVO: will didChange AVPlayer.currentItem
2026-10-06 14:31:16.226 Df Lensi[62278:26f3a] [com.apple.coremedia:] <<<< AVPlayer >>>> -[AVPlayer _runOnIvarAccessQueueOperationThatMayChangeCurrentItemWithPreflightBlock:modificationBlock:error:]_block_invoke: <P/DV|0x10a2623a0> currentItem KVO: did didChange AVPlayer.currentItem
2026-10-06 14:31:16.241 Df Lensi[62278:2718f] [com.apple.coremedia:] <<<< VMC >>>> vmc2BuildDecompressionSession: [0x11526c000:(null)] decompression session 0x10fb78480 (error 0)
2026-10-06 14:31:16.283 Df Lensi[62278:274e9] [com.apple.coremedia:] <<<< VMC >>>> vmc2BuildDecompressionSession: [0x115341900:(null)] decompression session 0x10fb78480 (error 0)
2026-10-06 14:31:16.317 Df Lensi[62278:274bc] [com.apple.coremedia:] <<<< VMC >>>> vmc2BuildDecompressionSession: [0x115341e00:(null)] decompression session 0x10fb78480 (error 0)
2026-10-06 14:31:16.503 Df Lensi[62278:26f3a] [com.apple.coremedia:video-target] << FigVideoTargetForReceiver >> videoTarget_setVideoReceiverLoadingState: [0x1185bec60|L/WS]: loadingState: Complete, error: 0 stateDidChange: YES
2026-10-06 14:31:16.572 Df Lensi[62278:26f3a] [com.apple.coremedia:video-target] << FigVideoTargetForReceiver >> videoTarget_setVideoReceiverLoadingState: [0x1185be440|L/CN]: loadingState: Complete, error: 0 stateDidChange: YES
2026-10-06 14:31:16.611 Df Lensi[62278:26f3a] [com.apple.coremedia:] <<<< AVPlayer >>>> -[AVPlayer _runOnIvarAccessQueueOperationThatMayChangeCurrentItemWithPreflightBlock:modificationBlock:error:]_block_invoke_2: <P/GW|0x10a263830> currentItem KVO: will willChange AVPlayer.currentItem
2026-10-06 14:31:16.612 Df Lensi[62278:26f3a] [com.apple.coremedia:] <<<< AVPlayer >>>> -[AVPlayer _runOnIvarAccessQueueOperationThatMayChangeCurrentItemWithPreflightBlock:modificationBlock:error:]_block_invoke: <P/GW|0x10a263830> currentItem KVO: did willChange AVPlayer.currentItem
2026-10-06 14:31:16.612 Df Lensi[62278:26f3a] [com.apple.coremedia:] <<<< AVPlayer >>>> -[AVPlayer _runOnIvarAccessQueueOperationThatMayChangeCurrentItemWithPreflightBlock:modificationBlock:error:]_block_invoke: <P/GW|0x10a263830> setting timeControlStatus=1, reasonForWaitingToPlay=AVPlayerWaitingWhileEvaluatingBufferingRateReason
2026-10-06 14:31:16.613 Df Lensi[62278:26f3a] [com.apple.coremedia:] <<<< AVPlayer >>>> -[AVPlayer _runOnIvarAccessQueueOperationThatMayChangeCurrentItemWithPreflightBlock:modificationBlock:error:]_block_invoke: <P/GW|0x10a263830> currentItem KVO: will didChange AVPlayer.currentItem
2026-10-06 14:31:16.620 Df Lensi[62278:26f3a] [com.apple.coremedia:] <<<< AVPlayer >>>> -[AVPlayer _runOnIvarAccessQueueOperationThatMayChangeCurrentItemWithPreflightBlock:modificationBlock:error:]_block_invoke: <P/GW|0x10a263830> currentItem KVO: did didChange AVPlayer.currentItem
2026-10-06 14:31:16.629 Df Lensi[62278:2747d] [com.apple.coremedia:player] <<<< FigFilePlayer >>>> playerfig_AddToPlayQueue: [0x1184ce800] P/GW item 0x114ff7200 I/VDB.01 at index 0; WILL disturb play queue; is NOT preparing for transition; returning with error 0
2026-10-06 14:31:16.668 Df Lensi[62278:274c0] [com.apple.coremedia:] <<<< VMC >>>> vmc2BuildDecompressionSession: [0x11a3c8500:P/GW:I/VDB.01.t1a] decompression session 0x10fb79080 (error 0)
2026-10-06 14:31:18.567 E  Lensi[62278:27191] [com.apple.e5rt:e5rt] E5RT encountered an STL exception. msg = On-device compilation within a VM only supports CPU currently..
2026-10-06 14:31:18.575 E  Lensi[62278:27191] [com.apple.Quagga:Inference] e5rt_e5_compiler_compile failed: (11): OPERATION ERROR
2026-10-06 14:31:18.577 E  Lensi[62278:27191] [com.apple.Quagga:Context] [PREFLIGHTING] context 0x134c97f00: failed to preflight ANMDModel, error: Error Domain=MRCErrorDomain Code=-6001 "Unable to compile network." UserInfo={NSDescription=Unable to compile network., MRCErrorE5RTErrorCodeKey=11, MRCErrorE5RTErrorCodeStringKey=OPERATION ERROR}
Error: (null)
2026-10-06 14:31:20.484 Df Lensi[62278:274bc] [com.apple.avkit:AVKit] -[AVVideoFrameVisualAnalyzer _startVideoFrameAnalysis]_block_invoke_2 Analysis completion handler called for request ID: 1, error: (null)
2026-10-06 14:31:20.484 Df Lensi[62278:26f3a] [com.apple.avkit:AVKit] -[AVVideoFrameVisualAnalyzer _handleVideoFrameAnalysis:error:] 232
2026-10-06 14:31:20.484 Df Lensi[62278:26f3a] [com.apple.avkit:AVKit] -[AVVideoFrameVisualAnalyzer _handleVideoFrameAnalysis:error:] Resetting the current analysis request ID
2026-10-06 14:31:21.696 E  Lensi[62278:274bc] [com.apple.VisionKit:com.apple.VisionKit.RemoveBackground] Request to remove background on an unsupported device. Error Domain=com.apple.VisionKit.RemoveBackground Code=-8 "(null)"
2026-10-06 14:31:21.696 E  Lensi[62278:274bc] [com.apple.VisionKit:com.apple.VisionKit.RemoveBackground] Error generating mask only remove background image: <VKCImageSubjectHighlightView: 0x11a25ea00> id: 1 - Error Domain=com.apple.VisionKit.RemoveBackground Code=-8 "(null)"
2026-10-06 14:31:25.836 E  Lensi[62278:27517] [com.apple.Quagga:Context] [PREFLIGHTING] context 0x134c97f00: failed to preflight ANMDModel, error: Error Domain=MRCErrorDomain Code=-6001 "Unable to compile network." UserInfo={NSDescription=Unable to compile network., MRCErrorE5RTErrorCodeKey=11, MRCErrorE5RTErrorCodeStringKey=OPERATION ERROR}
2026-10-06 14:31:58.791 E  Lensi[64159:282f4] [com.apple.coreaudio:as_client] AVAudioSessionImpl_Simulator.mm:139   Unsupported property: SupportsInterruptionEndedAfterActivationError
2026-10-06 14:31:59.003 E  Lensi[64159:281b6] [com.apple.BoardServices:XPCErrors] non-launching port is incompatible with service identifier "com.apple.PointerUI.pointeruid.default-service"
2026-10-06 14:32:02.808 E  Lensi[64159:2876b] [com.apple.e5rt:e5rt] E5RT encountered an STL exception. msg = On-device compilation within a VM only supports CPU currently..
2026-10-06 14:32:02.812 E  Lensi[64159:2876b] [com.apple.Quagga:Inference] e5rt_e5_compiler_compile failed: (11): OPERATION ERROR
2026-10-06 14:32:02.815 E  Lensi[64159:2876b] [com.apple.Quagga:Context] [PREFLIGHTING] context 0x121cf9980: failed to preflight ANMDModel, error: Error Domain=MRCErrorDomain Code=-6001 "Unable to compile network." UserInfo={NSDescription=Unable to compile network., MRCErrorE5RTErrorCodeKey=11, MRCErrorE5RTErrorCodeStringKey=OPERATION ERROR}
2026-10-06 14:32:51.080 E  Lensi[66229:29606] [com.apple.BoardServices:XPCErrors] non-launching port is incompatible with service identifier "com.apple.PointerUI.pointeruid.default-service"
2026-10-06 14:33:11.221 E  Lensi[67174:2a285] [com.apple.coreaudio:as_client] AVAudioSessionImpl_Simulator.mm:139   Unsupported property: SupportsInterruptionEndedAfterActivationError
2026-10-06 14:33:11.287 Df Lensi[67174:29f50] [com.apple.coremedia:video-target] << FigVideoTargetForReceiver >> videoTarget_setVideoReceiverLoadingState: [0x10f3e9fe0|L/TD]: loadingState: Complete, error: 0 stateDidChange: YES
2026-10-06 14:33:11.514 Df Lensi[67174:29f50] [com.apple.coremedia:] <<<< AVPlayer >>>> -[AVPlayer _runOnIvarAccessQueueOperationThatMayChangeCurrentItemWithPreflightBlock:modificationBlock:error:]_block_invoke_2: <P/QJ|0x10b1caa60> currentItem KVO: will willChange AVPlayer.currentItem
2026-10-06 14:33:11.514 Df Lensi[67174:29f50] [com.apple.coremedia:] <<<< AVPlayer >>>> -[AVPlayer _runOnIvarAccessQueueOperationThatMayChangeCurrentItemWithPreflightBlock:modificationBlock:error:]_block_invoke: <P/QJ|0x10b1caa60> currentItem KVO: did willChange AVPlayer.currentItem
2026-10-06 14:33:11.514 Df Lensi[67174:29f50] [com.apple.coremedia:] <<<< AVPlayer >>>> -[AVPlayer _runOnIvarAccessQueueOperationThatMayChangeCurrentItemWithPreflightBlock:modificationBlock:error:]_block_invoke: <P/QJ|0x10b1caa60> setting timeControlStatus=0, reasonForWaitingToPlay=(null)
2026-10-06 14:33:11.514 Df Lensi[67174:29f50] [com.apple.coremedia:] <<<< AVPlayer >>>> -[AVPlayer _runOnIvarAccessQueueOperationThatMayChangeCurrentItemWithPreflightBlock:modificationBlock:error:]_block_invoke: <P/QJ|0x10b1caa60> currentItem KVO: will didChange AVPlayer.currentItem
2026-10-06 14:33:11.515 Df Lensi[67174:29f50] [com.apple.coremedia:] <<<< AVPlayer >>>> -[AVPlayer _runOnIvarAccessQueueOperationThatMayChangeCurrentItemWithPreflightBlock:modificationBlock:error:]_block_invoke: <P/QJ|0x10b1caa60> currentItem KVO: did didChange AVPlayer.currentItem
2026-10-06 14:33:11.522 E  Lensi[67174:29f50] [com.apple.BoardServices:XPCErrors] non-launching port is incompatible with service identifier "com.apple.PointerUI.pointeruid.default-service"
2026-10-06 14:33:11.534 Df Lensi[67174:2a3f3] [com.apple.coremedia:player] <<<< FigFilePlayer >>>> playerfig_AddToPlayQueue: [0x11084de00] P/QJ item 0x1108bca00 I/GUG.02 at index 0; WILL disturb play queue; is NOT preparing for transition; returning with error 0
2026-10-06 14:33:11.686 Df Lensi[67174:2a3ff] [com.apple.coremedia:] <<<< VMC >>>> vmc2BuildDecompressionSession: [0x110937200:P/QJ:I/GUG.02.t1a] decompression session 0x10f1baac0 (error 0)
2026-10-06 14:33:11.696 Df Lensi[67174:2a404] [com.apple.coremedia:player] <<<< FigFilePlayer >>>> playerfig_AddToPlayQueue: [0x11084de00] P/QJ item 0x1108bf200 I/GUG.03 at index 1; will NOT disturb play queue; is NOT preparing for transition; returning with error 0
2026-10-06 14:33:20.577 Df Lensi[67174:2a400] [com.apple.coremedia:] <<<< VMC >>>> vmc2BuildDecompressionSession: [0x110baf700:P/QJ:I/GUG.03.t1a] decompression session 0x10f1b8180 (error 0)
2026-10-06 14:33:20.605 Df Lensi[67174:2a493] [com.apple.coremedia:player] <<<< FigFilePlayer >>>> playerfig_AddToPlayQueue: [0x11084de00] P/QJ item 0x110bc4a00 I/GUG.04 at index 2; will NOT disturb play queue; is NOT preparing for transition; returning with error 0
2026-10-06 14:33:21.736 Df Lensi[67174:29f50] [com.apple.coremedia:] <<<< AVPlayer >>>> -[AVPlayer _runOnIvarAccessQueueOperationThatMayChangeCurrentItemWithPreflightBlock:modificationBlock:error:]_block_invoke_2: <P/QJ|0x10b1caa60> currentItem KVO: will willChange AVPlayer.currentItem
2026-10-06 14:33:21.736 Df Lensi[67174:29f50] [com.apple.coremedia:] <<<< AVPlayer >>>> -[AVPlayer _runOnIvarAccessQueueOperationThatMayChangeCurrentItemWithPreflightBlock:modificationBlock:error:]_block_invoke: <P/QJ|0x10b1caa60> currentItem KVO: did willChange AVPlayer.currentItem
2026-10-06 14:33:21.737 Df Lensi[67174:29f50] [com.apple.coremedia:] <<<< AVPlayer >>>> -[AVPlayer _runOnIvarAccessQueueOperationThatMayChangeCurrentItemWithPreflightBlock:modificationBlock:error:]_block_invoke: <P/QJ|0x10b1caa60> setting timeControlStatus=2, reasonForWaitingToPlay=(null)
2026-10-06 14:33:21.737 Df Lensi[67174:29f50] [com.apple.coremedia:] <<<< AVPlayer >>>> -[AVPlayer _runOnIvarAccessQueueOperationThatMayChangeCurrentItemWithPreflightBlock:modificationBlock:error:]_block_invoke: <P/QJ|0x10b1caa60> currentItem KVO: will didChange AVPlayer.currentItem
2026-10-06 14:33:21.738 Df Lensi[67174:29f50] [com.apple.coremedia:] <<<< AVPlayer >>>> -[AVPlayer _runOnIvarAccessQueueOperationThatMayChangeCurrentItemWithPreflightBlock:modificationBlock:error:]_block_invoke: <P/QJ|0x10b1caa60> currentItem KVO: did didChange AVPlayer.currentItem
2026-10-06 14:33:30.546 Df Lensi[67174:2a48e] [com.apple.coremedia:] <<<< VMC >>>> vmc2BuildDecompressionSession: [0x110ad0000:P/QJ:I/GUG.04.t1a] decompression session 0x110a68600 (error 0)
2026-10-06 14:33:30.557 Df Lensi[67174:2a599] [com.apple.coremedia:player] <<<< FigFilePlayer >>>> playerfig_AddToPlayQueue: [0x11084de00] P/QJ item 0x1108bca00 I/GUG.02 at index 2; will NOT disturb play queue; is NOT preparing for transition; returning with error 0
2026-10-06 14:33:31.733 Df Lensi[67174:29f50] [com.apple.coremedia:] <<<< AVPlayer >>>> -[AVPlayer _runOnIvarAccessQueueOperationThatMayChangeCurrentItemWithPreflightBlock:modificationBlock:error:]_block_invoke_2: <P/QJ|0x10b1caa60> currentItem KVO: will willChange AVPlayer.currentItem
2026-10-06 14:33:31.733 Df Lensi[67174:29f50] [com.apple.coremedia:] <<<< AVPlayer >>>> -[AVPlayer _runOnIvarAccessQueueOperationThatMayChangeCurrentItemWithPreflightBlock:modificationBlock:error:]_block_invoke: <P/QJ|0x10b1caa60> currentItem KVO: did willChange AVPlayer.currentItem
2026-10-06 14:33:31.733 Df Lensi[67174:29f50] [com.apple.coremedia:] <<<< AVPlayer >>>> -[AVPlayer _runOnIvarAccessQueueOperationThatMayChangeCurrentItemWithPreflightBlock:modificationBlock:error:]_block_invoke: <P/QJ|0x10b1caa60> setting timeControlStatus=2, reasonForWaitingToPlay=(null)
2026-10-06 14:33:31.734 Df Lensi[67174:29f50] [com.apple.coremedia:] <<<< AVPlayer >>>> -[AVPlayer _runOnIvarAccessQueueOperationThatMayChangeCurrentItemWithPreflightBlock:modificationBlock:error:]_block_invoke: <P/QJ|0x10b1caa60> currentItem KVO: will didChange AVPlayer.currentItem
2026-10-06 14:33:31.734 Df Lensi[67174:29f50] [com.apple.coremedia:] <<<< AVPlayer >>>> -[AVPlayer _runOnIvarAccessQueueOperationThatMayChangeCurrentItemWithPreflightBlock:modificationBlock:error:]_block_invoke: <P/QJ|0x10b1caa60> currentItem KVO: did didChange AVPlayer.currentItem
2026-10-06 14:33:40.549 Df Lensi[67174:2a599] [com.apple.coremedia:] <<<< VMC >>>> vmc2BuildDecompressionSession: [0x110b29400:P/QJ:I/GUG.02.t1b] decompression session 0x110a68240 (error 0)
2026-10-06 14:33:40.556 Df Lensi[67174:2ab0c] [com.apple.coremedia:player] <<<< FigFilePlayer >>>> playerfig_AddToPlayQueue: [0x11084de00] P/QJ item 0x1108bf200 I/GUG.03 at index 2; will NOT disturb play queue; is NOT preparing for transition; returning with error 0
2026-10-06 14:33:41.727 Df Lensi[67174:29f50] [com.apple.coremedia:] <<<< AVPlayer >>>> -[AVPlayer _runOnIvarAccessQueueOperationThatMayChangeCurrentItemWithPreflightBlock:modificationBlock:error:]_block_invoke_2: <P/QJ|0x10b1caa60> currentItem KVO: will willChange AVPlayer.currentItem
2026-10-06 14:33:41.728 Df Lensi[67174:29f50] [com.apple.coremedia:] <<<< AVPlayer >>>> -[AVPlayer _runOnIvarAccessQueueOperationThatMayChangeCurrentItemWithPreflightBlock:modificationBlock:error:]_block_invoke: <P/QJ|0x10b1caa60> currentItem KVO: did willChange AVPlayer.currentItem
2026-10-06 14:33:41.728 Df Lensi[67174:29f50] [com.apple.coremedia:] <<<< AVPlayer >>>> -[AVPlayer _runOnIvarAccessQueueOperationThatMayChangeCurrentItemWithPreflightBlock:modificationBlock:error:]_block_invoke: <P/QJ|0x10b1caa60> setting timeControlStatus=2, reasonForWaitingToPlay=(null)
2026-10-06 14:33:41.728 Df Lensi[67174:29f50] [com.apple.coremedia:] <<<< AVPlayer >>>> -[AVPlayer _runOnIvarAccessQueueOperationThatMayChangeCurrentItemWithPreflightBlock:modificationBlock:error:]_block_invoke: <P/QJ|0x10b1caa60> currentItem KVO: will didChange AVPlayer.currentItem
2026-10-06 14:33:41.729 Df Lensi[67174:29f50] [com.apple.coremedia:] <<<< AVPlayer >>>> -[AVPlayer _runOnIvarAccessQueueOperationThatMayChangeCurrentItemWithPreflightBlock:modificationBlock:error:]_block_invoke: <P/QJ|0x10b1caa60> currentItem KVO: did didChange AVPlayer.currentItem
2026-10-06 14:33:50.537 Df Lensi[67174:2ab10] [com.apple.coremedia:] <<<< VMC >>>> vmc2BuildDecompressionSession: [0x110b97700:P/QJ:I/GUG.03.t1b] decompression session 0x110a68600 (error 0)
2026-10-06 14:33:50.559 Df Lensi[67174:2ada9] [com.apple.coremedia:player] <<<< FigFilePlayer >>>> playerfig_AddToPlayQueue: [0x11084de00] P/QJ item 0x110bc4a00 I/GUG.04 at index 2; will NOT disturb play queue; is NOT preparing for transition; returning with error 0
2026-10-06 14:33:51.730 Df Lensi[67174:29f50] [com.apple.coremedia:] <<<< AVPlayer >>>> -[AVPlayer _runOnIvarAccessQueueOperationThatMayChangeCurrentItemWithPreflightBlock:modificationBlock:error:]_block_invoke_2: <P/QJ|0x10b1caa60> currentItem KVO: will willChange AVPlayer.currentItem
2026-10-06 14:33:51.730 Df Lensi[67174:29f50] [com.apple.coremedia:] <<<< AVPlayer >>>> -[AVPlayer _runOnIvarAccessQueueOperationThatMayChangeCurrentItemWithPreflightBlock:modificationBlock:error:]_block_invoke: <P/QJ|0x10b1caa60> currentItem KVO: did willChange AVPlayer.currentItem
2026-10-06 14:33:51.731 Df Lensi[67174:29f50] [com.apple.coremedia:] <<<< AVPlayer >>>> -[AVPlayer _runOnIvarAccessQueueOperationThatMayChangeCurrentItemWithPreflightBlock:modificationBlock:error:]_block_invoke: <P/QJ|0x10b1caa60> setting timeControlStatus=2, reasonForWaitingToPlay=(null)
2026-10-06 14:33:51.731 Df Lensi[67174:29f50] [com.apple.coremedia:] <<<< AVPlayer >>>> -[AVPlayer _runOnIvarAccessQueueOperationThatMayChangeCurrentItemWithPreflightBlock:modificationBlock:error:]_block_invoke: <P/QJ|0x10b1caa60> currentItem KVO: will didChange AVPlayer.currentItem
2026-10-06 14:33:51.734 Df Lensi[67174:29f50] [com.apple.coremedia:] <<<< AVPlayer >>>> -[AVPlayer _runOnIvarAccessQueueOperationThatMayChangeCurrentItemWithPreflightBlock:modificationBlock:error:]_block_invoke: <P/QJ|0x10b1caa60> currentItem KVO: did didChange AVPlayer.currentItem
2026-10-06 14:34:02.800 E  Lensi[68777:2b1f5] [com.apple.coreaudio:as_client] AVAudioSessionImpl_Simulator.mm:139   Unsupported property: SupportsInterruptionEndedAfterActivationError
2026-10-06 14:34:02.876 Df Lensi[68777:2aecf] [com.apple.coremedia:video-target] << FigVideoTargetForReceiver >> videoTarget_setVideoReceiverLoadingState: [0x113bee8a0|L/CK]: loadingState: Complete, error: 0 stateDidChange: YES
2026-10-06 14:34:03.044 Df Lensi[68777:2aecf] [com.apple.coremedia:] <<<< AVPlayer >>>> -[AVPlayer _runOnIvarAccessQueueOperationThatMayChangeCurrentItemWithPreflightBlock:modificationBlock:error:]_block_invoke_2: <P/FY|0x10f9de6e0> currentItem KVO: will willChange AVPlayer.currentItem
2026-10-06 14:34:03.044 Df Lensi[68777:2aecf] [com.apple.coremedia:] <<<< AVPlayer >>>> -[AVPlayer _runOnIvarAccessQueueOperationThatMayChangeCurrentItemWithPreflightBlock:modificationBlock:error:]_block_invoke: <P/FY|0x10f9de6e0> currentItem KVO: did willChange AVPlayer.currentItem
2026-10-06 14:34:03.044 Df Lensi[68777:2aecf] [com.apple.coremedia:] <<<< AVPlayer >>>> -[AVPlayer _runOnIvarAccessQueueOperationThatMayChangeCurrentItemWithPreflightBlock:modificationBlock:error:]_block_invoke: <P/FY|0x10f9de6e0> setting timeControlStatus=0, reasonForWaitingToPlay=(null)
2026-10-06 14:34:03.044 Df Lensi[68777:2aecf] [com.apple.coremedia:] <<<< AVPlayer >>>> -[AVPlayer _runOnIvarAccessQueueOperationThatMayChangeCurrentItemWithPreflightBlock:modificationBlock:error:]_block_invoke: <P/FY|0x10f9de6e0> currentItem KVO: will didChange AVPlayer.currentItem
2026-10-06 14:34:03.044 Df Lensi[68777:2aecf] [com.apple.coremedia:] <<<< AVPlayer >>>> -[AVPlayer _runOnIvarAccessQueueOperationThatMayChangeCurrentItemWithPreflightBlock:modificationBlock:error:]_block_invoke: <P/FY|0x10f9de6e0> currentItem KVO: did didChange AVPlayer.currentItem
2026-10-06 14:34:03.051 E  Lensi[68777:2aecf] [com.apple.BoardServices:XPCErrors] non-launching port is incompatible with service identifier "com.apple.PointerUI.pointeruid.default-service"
2026-10-06 14:34:03.063 Df Lensi[68777:2b455] [com.apple.coremedia:player] <<<< FigFilePlayer >>>> playerfig_AddToPlayQueue: [0x114ffb200] P/FY item 0x11503a800 I/JOA.02 at index 0; WILL disturb play queue; is NOT preparing for transition; returning with error 0
2026-10-06 14:34:03.208 Df Lensi[68777:2b455] [com.apple.coremedia:] <<<< VMC >>>> vmc2BuildDecompressionSession: [0x115140000:P/FY:I/JOA.02.t1a] decompression session 0x113a52700 (error 0)
2026-10-06 14:34:03.218 Df Lensi[68777:2b466] [com.apple.coremedia:player] <<<< FigFilePlayer >>>> playerfig_AddToPlayQueue: [0x114ffb200] P/FY item 0x11513d400 I/JOA.03 at index 1; will NOT disturb play queue; is NOT preparing for transition; returning with error 0
2026-10-06 14:34:20.085 Df Lensi[68777:2b466] [com.apple.coremedia:] <<<< VMC >>>> vmc2BuildDecompressionSession: [0x1151bde00:P/FY:I/JOA.03.t1a] decompression session 0x113a52940 (error 0)
2026-10-06 14:34:20.100 Df Lensi[68777:2b466] [com.apple.coremedia:player] <<<< FigFilePlayer >>>> playerfig_AddToPlayQueue: [0x114ffb200] P/FY item 0x1152f9400 I/JOA.04 at index 2; will NOT disturb play queue; is NOT preparing for transition; returning with error 0
2026-10-06 14:34:21.078 Df Lensi[68777:2aecf] [com.apple.coremedia:] <<<< AVPlayer >>>> -[AVPlayer _runOnIvarAccessQueueOperationThatMayChangeCurrentItemWithPreflightBlock:modificationBlock:error:]_block_invoke_2: <P/FY|0x10f9de6e0> currentItem KVO: will willChange AVPlayer.currentItem
2026-10-06 14:34:21.078 Df Lensi[68777:2aecf] [com.apple.coremedia:] <<<< AVPlayer >>>> -[AVPlayer _runOnIvarAccessQueueOperationThatMayChangeCurrentItemWithPreflightBlock:modificationBlock:error:]_block_invoke: <P/FY|0x10f9de6e0> currentItem KVO: did willChange AVPlayer.currentItem
2026-10-06 14:34:21.078 Df Lensi[68777:2aecf] [com.apple.coremedia:] <<<< AVPlayer >>>> -[AVPlayer _runOnIvarAccessQueueOperationThatMayChangeCurrentItemWithPreflightBlock:modificationBlock:error:]_block_invoke: <P/FY|0x10f9de6e0> setting timeControlStatus=2, reasonForWaitingToPlay=(null)
2026-10-06 14:34:21.078 Df Lensi[68777:2aecf] [com.apple.coremedia:] <<<< AVPlayer >>>> -[AVPlayer _runOnIvarAccessQueueOperationThatMayChangeCurrentItemWithPreflightBlock:modificationBlock:error:]_block_invoke: <P/FY|0x10f9de6e0> currentItem KVO: will didChange AVPlayer.currentItem
2026-10-06 14:34:21.078 Df Lensi[68777:2aecf] [com.apple.coremedia:] <<<< AVPlayer >>>> -[AVPlayer _runOnIvarAccessQueueOperationThatMayChangeCurrentItemWithPreflightBlock:modificationBlock:error:]_block_invoke: <P/FY|0x10f9de6e0> currentItem KVO: did didChange AVPlayer.currentItem
2026-10-06 14:34:44.621 E  Lensi[70579:2c275] [com.apple.coreaudio:as_client] AVAudioSessionImpl_Simulator.mm:139   Unsupported property: SupportsInterruptionEndedAfterActivationError
2026-10-06 14:34:44.933 Df Lensi[70579:2bf61] [com.apple.coremedia:video-target] << FigVideoTargetForReceiver >> videoTarget_setVideoReceiverLoadingState: [0x10dd51c20|L/LP]: loadingState: Complete, error: 0 stateDidChange: YES
2026-10-06 14:34:45.378 Df Lensi[70579:2bf61] [com.apple.coremedia:] <<<< AVPlayer >>>> -[AVPlayer _runOnIvarAccessQueueOperationThatMayChangeCurrentItemWithPreflightBlock:modificationBlock:error:]_block_invoke_2: <P/BE|0x1091655e0> currentItem KVO: will willChange AVPlayer.currentItem
2026-10-06 14:34:45.378 Df Lensi[70579:2bf61] [com.apple.coremedia:] <<<< AVPlayer >>>> -[AVPlayer _runOnIvarAccessQueueOperationThatMayChangeCurrentItemWithPreflightBlock:modificationBlock:error:]_block_invoke: <P/BE|0x1091655e0> currentItem KVO: did willChange AVPlayer.currentItem
2026-10-06 14:34:45.378 Df Lensi[70579:2bf61] [com.apple.coremedia:] <<<< AVPlayer >>>> -[AVPlayer _runOnIvarAccessQueueOperationThatMayChangeCurrentItemWithPreflightBlock:modificationBlock:error:]_block_invoke: <P/BE|0x1091655e0> setting timeControlStatus=0, reasonForWaitingToPlay=(null)
2026-10-06 14:34:45.380 Df Lensi[70579:2bf61] [com.apple.coremedia:] <<<< AVPlayer >>>> -[AVPlayer _runOnIvarAccessQueueOperationThatMayChangeCurrentItemWithPreflightBlock:modificationBlock:error:]_block_invoke: <P/BE|0x1091655e0> currentItem KVO: will didChange AVPlayer.currentItem
2026-10-06 14:34:45.380 Df Lensi[70579:2bf61] [com.apple.coremedia:] <<<< AVPlayer >>>> -[AVPlayer _runOnIvarAccessQueueOperationThatMayChangeCurrentItemWithPreflightBlock:modificationBlock:error:]_block_invoke: <P/BE|0x1091655e0> currentItem KVO: did didChange AVPlayer.currentItem
2026-10-06 14:34:45.391 E  Lensi[70579:2bf61] [com.apple.BoardServices:XPCErrors] non-launching port is incompatible with service identifier "com.apple.PointerUI.pointeruid.default-service"
2026-10-06 14:34:45.467 Df Lensi[70579:2c415] [com.apple.coremedia:player] <<<< FigFilePlayer >>>> playerfig_AddToPlayQueue: [0x1119cb700] P/BE item 0x111b7e800 I/YLD.02 at index 0; WILL disturb play queue; is NOT preparing for transition; returning with error 0
2026-10-06 14:34:45.752 Df Lensi[70579:2c422] [com.apple.coremedia:] <<<< VMC >>>> vmc2BuildDecompressionSession: [0x112060f00:P/BE:I/YLD.02.t1a] decompression session 0x1116c6dc0 (error 0)
2026-10-06 14:34:45.764 Df Lensi[70579:2c426] [com.apple.coremedia:player] <<<< FigFilePlayer >>>> playerfig_AddToPlayQueue: [0x1119cb700] P/BE item 0x11209ca00 I/YLD.03 at index 1; will NOT disturb play queue; is NOT preparing for transition; returning with error 0
2026-10-06 14:34:47.006 Df Lensi[70579:2c279] [com.apple.coremedia:] <<<< VMC >>>> vmc2BuildDecompressionSession: [0x111bf8000:R/OK.t1] decompression session 0x10dd56a00 (error 0)
2026-10-06 14:35:02.620 Df Lensi[70579:2c426] [com.apple.coremedia:] <<<< VMC >>>> vmc2BuildDecompressionSession: [0x13f488500:P/BE:I/YLD.03.t1a] decompression session 0x1116686c0 (error 0)
2026-10-06 14:35:02.643 Df Lensi[70579:2c833] [com.apple.coremedia:player] <<<< FigFilePlayer >>>> playerfig_AddToPlayQueue: [0x1119cb700] P/BE item 0x13f42a800 I/YLD.04 at index 2; will NOT disturb play queue; is NOT preparing for transition; returning with error 0
2026-10-06 14:35:03.605 Df Lensi[70579:2bf61] [com.apple.coremedia:] <<<< AVPlayer >>>> -[AVPlayer _runOnIvarAccessQueueOperationThatMayChangeCurrentItemWithPreflightBlock:modificationBlock:error:]_block_invoke_2: <P/BE|0x1091655e0> currentItem KVO: will willChange AVPlayer.currentItem
2026-10-06 14:35:03.606 Df Lensi[70579:2bf61] [com.apple.coremedia:] <<<< AVPlayer >>>> -[AVPlayer _runOnIvarAccessQueueOperationThatMayChangeCurrentItemWithPreflightBlock:modificationBlock:error:]_block_invoke: <P/BE|0x1091655e0> currentItem KVO: did willChange AVPlayer.currentItem
2026-10-06 14:35:03.606 Df Lensi[70579:2bf61] [com.apple.coremedia:] <<<< AVPlayer >>>> -[AVPlayer _runOnIvarAccessQueueOperationThatMayChangeCurrentItemWithPreflightBlock:modificationBlock:error:]_block_invoke: <P/BE|0x1091655e0> setting timeControlStatus=2, reasonForWaitingToPlay=(null)
2026-10-06 14:35:03.606 Df Lensi[70579:2bf61] [com.apple.coremedia:] <<<< AVPlayer >>>> -[AVPlayer _runOnIvarAccessQueueOperationThatMayChangeCurrentItemWithPreflightBlock:modificationBlock:error:]_block_invoke: <P/BE|0x1091655e0> currentItem KVO: will didChange AVPlayer.currentItem
2026-10-06 14:35:03.608 Df Lensi[70579:2bf61] [com.apple.coremedia:] <<<< AVPlayer >>>> -[AVPlayer _runOnIvarAccessQueueOperationThatMayChangeCurrentItemWithPreflightBlock:modificationBlock:error:]_block_invoke: <P/BE|0x1091655e0> currentItem KVO: did didChange AVPlayer.currentItem
2026-10-06 14:35:20.426 Df Lensi[70579:2c82e] [com.apple.coremedia:] <<<< VMC >>>> vmc2BuildDecompressionSession: [0x13f417700:P/BE:I/YLD.04.t1a] decompression session 0x111668540 (error 0)
2026-10-06 14:35:20.441 Df Lensi[70579:2cd0e] [com.apple.coremedia:player] <<<< FigFilePlayer >>>> playerfig_AddToPlayQueue: [0x1119cb700] P/BE item 0x111b7e800 I/YLD.02 at index 2; will NOT disturb play queue; is NOT preparing for transition; returning with error 0
2026-10-06 14:35:21.404 Df Lensi[70579:2bf61] [com.apple.coremedia:] <<<< AVPlayer >>>> -[AVPlayer _runOnIvarAccessQueueOperationThatMayChangeCurrentItemWithPreflightBlock:modificationBlock:error:]_block_invoke_2: <P/BE|0x1091655e0> currentItem KVO: will willChange AVPlayer.currentItem
2026-10-06 14:35:21.405 Df Lensi[70579:2bf61] [com.apple.coremedia:] <<<< AVPlayer >>>> -[AVPlayer _runOnIvarAccessQueueOperationThatMayChangeCurrentItemWithPreflightBlock:modificationBlock:error:]_block_invoke: <P/BE|0x1091655e0> currentItem KVO: did willChange AVPlayer.currentItem
2026-10-06 14:35:21.405 Df Lensi[70579:2bf61] [com.apple.coremedia:] <<<< AVPlayer >>>> -[AVPlayer _runOnIvarAccessQueueOperationThatMayChangeCurrentItemWithPreflightBlock:modificationBlock:error:]_block_invoke: <P/BE|0x1091655e0> setting timeControlStatus=2, reasonForWaitingToPlay=(null)
2026-10-06 14:35:21.405 Df Lensi[70579:2bf61] [com.apple.coremedia:] <<<< AVPlayer >>>> -[AVPlayer _runOnIvarAccessQueueOperationThatMayChangeCurrentItemWithPreflightBlock:modificationBlock:error:]_block_invoke: <P/BE|0x1091655e0> currentItem KVO: will didChange AVPlayer.currentItem
2026-10-06 14:35:21.407 Df Lensi[70579:2bf61] [com.apple.coremedia:] <<<< AVPlayer >>>> -[AVPlayer _runOnIvarAccessQueueOperationThatMayChangeCurrentItemWithPreflightBlock:modificationBlock:error:]_block_invoke: <P/BE|0x1091655e0> currentItem KVO: did didChange AVPlayer.currentItem
2026-10-06 14:35:38.231 Df Lensi[70579:2cd0f] [com.apple.coremedia:] <<<< VMC >>>> vmc2BuildDecompressionSession: [0x13f48b200:P/BE:I/YLD.02.t1b] decompression session 0x1116686c0 (error 0)
2026-10-06 14:35:38.244 Df Lensi[70579:2cd0f] [com.apple.coremedia:player] <<<< FigFilePlayer >>>> playerfig_AddToPlayQueue: [0x1119cb700] P/BE item 0x11209ca00 I/YLD.03 at index 2; will NOT disturb play queue; is NOT preparing for transition; returning with error 0
2026-10-06 14:35:39.206 Df Lensi[70579:2bf61] [com.apple.coremedia:] <<<< AVPlayer >>>> -[AVPlayer _runOnIvarAccessQueueOperationThatMayChangeCurrentItemWithPreflightBlock:modificationBlock:error:]_block_invoke_2: <P/BE|0x1091655e0> currentItem KVO: will willChange AVPlayer.currentItem
2026-10-06 14:35:39.206 Df Lensi[70579:2bf61] [com.apple.coremedia:] <<<< AVPlayer >>>> -[AVPlayer _runOnIvarAccessQueueOperationThatMayChangeCurrentItemWithPreflightBlock:modificationBlock:error:]_block_invoke: <P/BE|0x1091655e0> currentItem KVO: did willChange AVPlayer.currentItem
2026-10-06 14:35:39.207 Df Lensi[70579:2bf61] [com.apple.coremedia:] <<<< AVPlayer >>>> -[AVPlayer _runOnIvarAccessQueueOperationThatMayChangeCurrentItemWithPreflightBlock:modificationBlock:error:]_block_invoke: <P/BE|0x1091655e0> setting timeControlStatus=2, reasonForWaitingToPlay=(null)
2026-10-06 14:35:39.207 Df Lensi[70579:2bf61] [com.apple.coremedia:] <<<< AVPlayer >>>> -[AVPlayer _runOnIvarAccessQueueOperationThatMayChangeCurrentItemWithPreflightBlock:modificationBlock:error:]_block_invoke: <P/BE|0x1091655e0> currentItem KVO: will didChange AVPlayer.currentItem
2026-10-06 14:35:39.208 Df Lensi[70579:2bf61] [com.apple.coremedia:] <<<< AVPlayer >>>> -[AVPlayer _runOnIvarAccessQueueOperationThatMayChangeCurrentItemWithPreflightBlock:modificationBlock:error:]_block_invoke: <P/BE|0x1091655e0> currentItem KVO: did didChange AVPlayer.currentItem
2026-10-06 14:35:56.014 Df Lensi[70579:2cfd8] [com.apple.coremedia:] <<<< VMC >>>> vmc2BuildDecompressionSession: [0x10dc59400:P/BE:I/YLD.03.t1b] decompression session 0x111668540 (error 0)
2026-10-06 14:35:56.032 Df Lensi[70579:2d4a9] [com.apple.coremedia:player] <<<< FigFilePlayer >>>> playerfig_AddToPlayQueue: [0x1119cb700] P/BE item 0x13f42a800 I/YLD.04 at index 2; will NOT disturb play queue; is NOT preparing for transition; returning with error 0
2026-10-06 14:35:57.004 Df Lensi[70579:2bf61] [com.apple.coremedia:] <<<< AVPlayer >>>> -[AVPlayer _runOnIvarAccessQueueOperationThatMayChangeCurrentItemWithPreflightBlock:modificationBlock:error:]_block_invoke_2: <P/BE|0x1091655e0> currentItem KVO: will willChange AVPlayer.currentItem
2026-10-06 14:35:57.004 Df Lensi[70579:2bf61] [com.apple.coremedia:] <<<< AVPlayer >>>> -[AVPlayer _runOnIvarAccessQueueOperationThatMayChangeCurrentItemWithPreflightBlock:modificationBlock:error:]_block_invoke: <P/BE|0x1091655e0> currentItem KVO: did willChange AVPlayer.currentItem
2026-10-06 14:35:57.004 Df Lensi[70579:2bf61] [com.apple.coremedia:] <<<< AVPlayer >>>> -[AVPlayer _runOnIvarAccessQueueOperationThatMayChangeCurrentItemWithPreflightBlock:modificationBlock:error:]_block_invoke: <P/BE|0x1091655e0> setting timeControlStatus=2, reasonForWaitingToPlay=(null)
2026-10-06 14:35:57.004 Df Lensi[70579:2bf61] [com.apple.coremedia:] <<<< AVPlayer >>>> -[AVPlayer _runOnIvarAccessQueueOperationThatMayChangeCurrentItemWithPreflightBlock:modificationBlock:error:]_block_invoke: <P/BE|0x1091655e0> currentItem KVO: will didChange AVPlayer.currentItem
2026-10-06 14:35:57.005 Df Lensi[70579:2bf61] [com.apple.coremedia:] <<<< AVPlayer >>>> -[AVPlayer _runOnIvarAccessQueueOperationThatMayChangeCurrentItemWithPreflightBlock:modificationBlock:error:]_block_invoke: <P/BE|0x1091655e0> currentItem KVO: did didChange AVPlayer.currentItem
2026-10-06 14:36:13.958 Df Lensi[70579:2d4a5] [com.apple.coremedia:] <<<< VMC >>>> vmc2BuildDecompressionSession: [0x13f48b200:P/BE:I/YLD.04.t1b] decompression session 0x1116686c0 (error 0)
2026-10-06 14:36:13.973 Df Lensi[70579:2d4a5] [com.apple.coremedia:player] <<<< FigFilePlayer >>>> playerfig_AddToPlayQueue: [0x1119cb700] P/BE item 0x111b7e800 I/YLD.02 at index 2; will NOT disturb play queue; is NOT preparing for transition; returning with error 0
2026-10-06 14:36:14.806 Df Lensi[70579:2bf61] [com.apple.coremedia:] <<<< AVPlayer >>>> -[AVPlayer _runOnIvarAccessQueueOperationThatMayChangeCurrentItemWithPreflightBlock:modificationBlock:error:]_block_invoke_2: <P/BE|0x1091655e0> currentItem KVO: will willChange AVPlayer.currentItem
2026-10-06 14:36:14.806 Df Lensi[70579:2bf61] [com.apple.coremedia:] <<<< AVPlayer >>>> -[AVPlayer _runOnIvarAccessQueueOperationThatMayChangeCurrentItemWithPreflightBlock:modificationBlock:error:]_block_invoke: <P/BE|0x1091655e0> currentItem KVO: did willChange AVPlayer.currentItem
2026-10-06 14:36:14.807 Df Lensi[70579:2bf61] [com.apple.coremedia:] <<<< AVPlayer >>>> -[AVPlayer _runOnIvarAccessQueueOperationThatMayChangeCurrentItemWithPreflightBlock:modificationBlock:error:]_block_invoke: <P/BE|0x1091655e0> setting timeControlStatus=2, reasonForWaitingToPlay=(null)
2026-10-06 14:36:14.807 Df Lensi[70579:2bf61] [com.apple.coremedia:] <<<< AVPlayer >>>> -[AVPlayer _runOnIvarAccessQueueOperationThatMayChangeCurrentItemWithPreflightBlock:modificationBlock:error:]_block_invoke: <P/BE|0x1091655e0> currentItem KVO: will didChange AVPlayer.currentItem
2026-10-06 14:36:14.808 Df Lensi[70579:2bf61] [com.apple.coremedia:] <<<< AVPlayer >>>> -[AVPlayer _runOnIvarAccessQueueOperationThatMayChangeCurrentItemWithPreflightBlock:modificationBlock:error:]_block_invoke: <P/BE|0x1091655e0> currentItem KVO: did didChange AVPlayer.currentItem
2026-10-06 14:36:31.628 Df Lensi[70579:2d7b4] [com.apple.coremedia:] <<<< VMC >>>> vmc2BuildDecompressionSession: [0x111bfb200:P/BE:I/YLD.02.t1c] decompression session 0x111668540 (error 0)
2026-10-06 14:36:31.652 Df Lensi[70579:2dc57] [com.apple.coremedia:player] <<<< FigFilePlayer >>>> playerfig_AddToPlayQueue: [0x1119cb700] P/BE item 0x11209ca00 I/YLD.03 at index 2; will NOT disturb play queue; is NOT preparing for transition; returning with error 0
2026-10-06 14:36:32.607 Df Lensi[70579:2bf61] [com.apple.coremedia:] <<<< AVPlayer >>>> -[AVPlayer _runOnIvarAccessQueueOperationThatMayChangeCurrentItemWithPreflightBlock:modificationBlock:error:]_block_invoke_2: <P/BE|0x1091655e0> currentItem KVO: will willChange AVPlayer.currentItem
2026-10-06 14:36:32.607 Df Lensi[70579:2bf61] [com.apple.coremedia:] <<<< AVPlayer >>>> -[AVPlayer _runOnIvarAccessQueueOperationThatMayChangeCurrentItemWithPreflightBlock:modificationBlock:error:]_block_invoke: <P/BE|0x1091655e0> currentItem KVO: did willChange AVPlayer.currentItem
2026-10-06 14:36:32.607 Df Lensi[70579:2bf61] [com.apple.coremedia:] <<<< AVPlayer >>>> -[AVPlayer _runOnIvarAccessQueueOperationThatMayChangeCurrentItemWithPreflightBlock:modificationBlock:error:]_block_invoke: <P/BE|0x1091655e0> setting timeControlStatus=2, reasonForWaitingToPlay=(null)
2026-10-06 14:36:32.608 Df Lensi[70579:2bf61] [com.apple.coremedia:] <<<< AVPlayer >>>> -[AVPlayer _runOnIvarAccessQueueOperationThatMayChangeCurrentItemWithPreflightBlock:modificationBlock:error:]_block_invoke: <P/BE|0x1091655e0> currentItem KVO: will didChange AVPlayer.currentItem
2026-10-06 14:36:32.609 Df Lensi[70579:2bf61] [com.apple.coremedia:] <<<< AVPlayer >>>> -[AVPlayer _runOnIvarAccessQueueOperationThatMayChangeCurrentItemWithPreflightBlock:modificationBlock:error:]_block_invoke: <P/BE|0x1091655e0> currentItem KVO: did didChange AVPlayer.currentItem
2026-10-06 14:36:49.428 Df Lensi[70579:2dfdf] [com.apple.coremedia:] <<<< VMC >>>> vmc2BuildDecompressionSession: [0x1121cf200:P/BE:I/YLD.03.t1c] decompression session 0x1116686c0 (error 0)
2026-10-06 14:36:49.442 Df Lensi[70579:2dfe3] [com.apple.coremedia:player] <<<< FigFilePlayer >>>> playerfig_AddToPlayQueue: [0x1119cb700] P/BE item 0x13f42a800 I/YLD.04 at index 2; will NOT disturb play queue; is NOT preparing for transition; returning with error 0
2026-10-06 14:36:50.405 Df Lensi[70579:2bf61] [com.apple.coremedia:] <<<< AVPlayer >>>> -[AVPlayer _runOnIvarAccessQueueOperationThatMayChangeCurrentItemWithPreflightBlock:modificationBlock:error:]_block_invoke_2: <P/BE|0x1091655e0> currentItem KVO: will willChange AVPlayer.currentItem
2026-10-06 14:36:50.405 Df Lensi[70579:2bf61] [com.apple.coremedia:] <<<< AVPlayer >>>> -[AVPlayer _runOnIvarAccessQueueOperationThatMayChangeCurrentItemWithPreflightBlock:modificationBlock:error:]_block_invoke: <P/BE|0x1091655e0> currentItem KVO: did willChange AVPlayer.currentItem
2026-10-06 14:36:50.406 Df Lensi[70579:2bf61] [com.apple.coremedia:] <<<< AVPlayer >>>> -[AVPlayer _runOnIvarAccessQueueOperationThatMayChangeCurrentItemWithPreflightBlock:modificationBlock:error:]_block_invoke: <P/BE|0x1091655e0> setting timeControlStatus=2, reasonForWaitingToPlay=(null)
2026-10-06 14:36:50.406 Df Lensi[70579:2bf61] [com.apple.coremedia:] <<<< AVPlayer >>>> -[AVPlayer _runOnIvarAccessQueueOperationThatMayChangeCurrentItemWithPreflightBlock:modificationBlock:error:]_block_invoke: <P/BE|0x1091655e0> currentItem KVO: will didChange AVPlayer.currentItem
2026-10-06 14:36:50.406 Df Lensi[70579:2bf61] [com.apple.coremedia:] <<<< AVPlayer >>>> -[AVPlayer _runOnIvarAccessQueueOperationThatMayChangeCurrentItemWithPreflightBlock:modificationBlock:error:]_block_invoke: <P/BE|0x1091655e0> currentItem KVO: did didChange AVPlayer.currentItem
2026-10-06 14:37:07.239 Df Lensi[70579:2dfe3] [com.apple.coremedia:] <<<< VMC >>>> vmc2BuildDecompressionSession: [0x111bf9400:P/BE:I/YLD.04.t1c] decompression session 0x111668540 (error 0)
2026-10-06 14:37:07.256 Df Lensi[70579:2dfe3] [com.apple.coremedia:player] <<<< FigFilePlayer >>>> playerfig_AddToPlayQueue: [0x1119cb700] P/BE item 0x111b7e800 I/YLD.02 at index 2; will NOT disturb play queue; is NOT preparing for transition; returning with error 0
2026-10-06 14:37:08.208 Df Lensi[70579:2bf61] [com.apple.coremedia:] <<<< AVPlayer >>>> -[AVPlayer _runOnIvarAccessQueueOperationThatMayChangeCurrentItemWithPreflightBlock:modificationBlock:error:]_block_invoke_2: <P/BE|0x1091655e0> currentItem KVO: will willChange AVPlayer.currentItem
2026-10-06 14:37:08.208 Df Lensi[70579:2bf61] [com.apple.coremedia:] <<<< AVPlayer >>>> -[AVPlayer _runOnIvarAccessQueueOperationThatMayChangeCurrentItemWithPreflightBlock:modificationBlock:error:]_block_invoke: <P/BE|0x1091655e0> currentItem KVO: did willChange AVPlayer.currentItem
2026-10-06 14:37:08.208 Df Lensi[70579:2bf61] [com.apple.coremedia:] <<<< AVPlayer >>>> -[AVPlayer _runOnIvarAccessQueueOperationThatMayChangeCurrentItemWithPreflightBlock:modificationBlock:error:]_block_invoke: <P/BE|0x1091655e0> setting timeControlStatus=2, reasonForWaitingToPlay=(null)
2026-10-06 14:37:08.209 Df Lensi[70579:2bf61] [com.apple.coremedia:] <<<< AVPlayer >>>> -[AVPlayer _runOnIvarAccessQueueOperationThatMayChangeCurrentItemWithPreflightBlock:modificationBlock:error:]_block_invoke: <P/BE|0x1091655e0> currentItem KVO: will didChange AVPlayer.currentItem
2026-10-06 14:37:08.210 Df Lensi[70579:2bf61] [com.apple.coremedia:] <<<< AVPlayer >>>> -[AVPlayer _runOnIvarAccessQueueOperationThatMayChangeCurrentItemWithPreflightBlock:modificationBlock:error:]_block_invoke: <P/BE|0x1091655e0> currentItem KVO: did didChange AVPlayer.currentItem
2026-10-06 14:37:25.027 Df Lensi[70579:2dfe3] [com.apple.coremedia:] <<<< VMC >>>> vmc2BuildDecompressionSession: [0x1121cf700:P/BE:I/YLD.02.t1d] decompression session 0x1116686c0 (error 0)
2026-10-06 14:37:25.041 Df Lensi[70579:2dfe3] [com.apple.coremedia:player] <<<< FigFilePlayer >>>> playerfig_AddToPlayQueue: [0x1119cb700] P/BE item 0x11209ca00 I/YLD.03 at index 2; will NOT disturb play queue; is NOT preparing for transition; returning with error 0
2026-10-06 14:37:26.005 Df Lensi[70579:2bf61] [com.apple.coremedia:] <<<< AVPlayer >>>> -[AVPlayer _runOnIvarAccessQueueOperationThatMayChangeCurrentItemWithPreflightBlock:modificationBlock:error:]_block_invoke_2: <P/BE|0x1091655e0> currentItem KVO: will willChange AVPlayer.currentItem
2026-10-06 14:37:26.006 Df Lensi[70579:2bf61] [com.apple.coremedia:] <<<< AVPlayer >>>> -[AVPlayer _runOnIvarAccessQueueOperationThatMayChangeCurrentItemWithPreflightBlock:modificationBlock:error:]_block_invoke: <P/BE|0x1091655e0> currentItem KVO: did willChange AVPlayer.currentItem
2026-10-06 14:37:26.007 Df Lensi[70579:2bf61] [com.apple.coremedia:] <<<< AVPlayer >>>> -[AVPlayer _runOnIvarAccessQueueOperationThatMayChangeCurrentItemWithPreflightBlock:modificationBlock:error:]_block_invoke: <P/BE|0x1091655e0> setting timeControlStatus=2, reasonForWaitingToPlay=(null)
2026-10-06 14:37:26.007 Df Lensi[70579:2bf61] [com.apple.coremedia:] <<<< AVPlayer >>>> -[AVPlayer _runOnIvarAccessQueueOperationThatMayChangeCurrentItemWithPreflightBlock:modificationBlock:error:]_block_invoke: <P/BE|0x1091655e0> currentItem KVO: will didChange AVPlayer.currentItem
2026-10-06 14:37:26.008 Df Lensi[70579:2bf61] [com.apple.coremedia:] <<<< AVPlayer >>>> -[AVPlayer _runOnIvarAccessQueueOperationThatMayChangeCurrentItemWithPreflightBlock:modificationBlock:error:]_block_invoke: <P/BE|0x1091655e0> currentItem KVO: did didChange AVPlayer.currentItem
2026-10-06 14:37:42.836 Df Lensi[70579:2dfe3] [com.apple.coremedia:] <<<< VMC >>>> vmc2BuildDecompressionSession: [0x111bf8500:P/BE:I/YLD.03.t1d] decompression session 0x111668540 (error 0)
2026-10-06 14:37:42.854 Df Lensi[70579:2ec40] [com.apple.coremedia:player] <<<< FigFilePlayer >>>> playerfig_AddToPlayQueue: [0x1119cb700] P/BE item 0x13f42a800 I/YLD.04 at index 2; will NOT disturb play queue; is NOT preparing for transition; returning with error 0
2026-10-06 14:37:43.805 Df Lensi[70579:2bf61] [com.apple.coremedia:] <<<< AVPlayer >>>> -[AVPlayer _runOnIvarAccessQueueOperationThatMayChangeCurrentItemWithPreflightBlock:modificationBlock:error:]_block_invoke_2: <P/BE|0x1091655e0> currentItem KVO: will willChange AVPlayer.currentItem
2026-10-06 14:37:43.805 Df Lensi[70579:2bf61] [com.apple.coremedia:] <<<< AVPlayer >>>> -[AVPlayer _runOnIvarAccessQueueOperationThatMayChangeCurrentItemWithPreflightBlock:modificationBlock:error:]_block_invoke: <P/BE|0x1091655e0> currentItem KVO: did willChange AVPlayer.currentItem
2026-10-06 14:37:43.805 Df Lensi[70579:2bf61] [com.apple.coremedia:] <<<< AVPlayer >>>> -[AVPlayer _runOnIvarAccessQueueOperationThatMayChangeCurrentItemWithPreflightBlock:modificationBlock:error:]_block_invoke: <P/BE|0x1091655e0> setting timeControlStatus=2, reasonForWaitingToPlay=(null)
2026-10-06 14:37:43.806 Df Lensi[70579:2bf61] [com.apple.coremedia:] <<<< AVPlayer >>>> -[AVPlayer _runOnIvarAccessQueueOperationThatMayChangeCurrentItemWithPreflightBlock:modificationBlock:error:]_block_invoke: <P/BE|0x1091655e0> currentItem KVO: will didChange AVPlayer.currentItem
2026-10-06 14:37:43.807 Df Lensi[70579:2bf61] [com.apple.coremedia:] <<<< AVPlayer >>>> -[AVPlayer _runOnIvarAccessQueueOperationThatMayChangeCurrentItemWithPreflightBlock:modificationBlock:error:]_block_invoke: <P/BE|0x1091655e0> currentItem KVO: did didChange AVPlayer.currentItem
2026-10-06 14:38:00.663 Df Lensi[70579:2dfe3] [com.apple.coremedia:] <<<< VMC >>>> vmc2BuildDecompressionSession: [0x111bf9400:P/BE:I/YLD.04.t1d] decompression session 0x1116686c0 (error 0)
2026-10-06 14:38:00.696 Df Lensi[70579:2dfe3] [com.apple.coremedia:player] <<<< FigFilePlayer >>>> playerfig_AddToPlayQueue: [0x1119cb700] P/BE item 0x111b7e800 I/YLD.02 at index 2; will NOT disturb play queue; is NOT preparing for transition; returning with error 0
2026-10-06 14:38:01.606 Df Lensi[70579:2bf61] [com.apple.coremedia:] <<<< AVPlayer >>>> -[AVPlayer _runOnIvarAccessQueueOperationThatMayChangeCurrentItemWithPreflightBlock:modificationBlock:error:]_block_invoke_2: <P/BE|0x1091655e0> currentItem KVO: will willChange AVPlayer.currentItem
2026-10-06 14:38:01.606 Df Lensi[70579:2bf61] [com.apple.coremedia:] <<<< AVPlayer >>>> -[AVPlayer _runOnIvarAccessQueueOperationThatMayChangeCurrentItemWithPreflightBlock:modificationBlock:error:]_block_invoke: <P/BE|0x1091655e0> currentItem KVO: did willChange AVPlayer.currentItem
2026-10-06 14:38:01.606 Df Lensi[70579:2bf61] [com.apple.coremedia:] <<<< AVPlayer >>>> -[AVPlayer _runOnIvarAccessQueueOperationThatMayChangeCurrentItemWithPreflightBlock:modificationBlock:error:]_block_invoke: <P/BE|0x1091655e0> setting timeControlStatus=2, reasonForWaitingToPlay=(null)
2026-10-06 14:38:01.607 Df Lensi[70579:2bf61] [com.apple.coremedia:] <<<< AVPlayer >>>> -[AVPlayer _runOnIvarAccessQueueOperationThatMayChangeCurrentItemWithPreflightBlock:modificationBlock:error:]_block_invoke: <P/BE|0x1091655e0> currentItem KVO: will didChange AVPlayer.currentItem
2026-10-06 14:38:01.607 Df Lensi[70579:2bf61] [com.apple.coremedia:] <<<< AVPlayer >>>> -[AVPlayer _runOnIvarAccessQueueOperationThatMayChangeCurrentItemWithPreflightBlock:modificationBlock:error:]_block_invoke: <P/BE|0x1091655e0> currentItem KVO: did didChange AVPlayer.currentItem
2026-10-06 14:38:18.454 Df Lensi[70579:2f0c4] [com.apple.coremedia:] <<<< VMC >>>> vmc2BuildDecompressionSession: [0x10ff5e300:P/BE:I/YLD.02.t1e] decompression session 0x111668540 (error 0)
2026-10-06 14:38:18.477 Df Lensi[70579:2f0c4] [com.apple.coremedia:player] <<<< FigFilePlayer >>>> playerfig_AddToPlayQueue: [0x1119cb700] P/BE item 0x11209ca00 I/YLD.03 at index 2; will NOT disturb play queue; is NOT preparing for transition; returning with error 0
2026-10-06 14:38:19.403 Df Lensi[70579:2bf61] [com.apple.coremedia:] <<<< AVPlayer >>>> -[AVPlayer _runOnIvarAccessQueueOperationThatMayChangeCurrentItemWithPreflightBlock:modificationBlock:error:]_block_invoke_2: <P/BE|0x1091655e0> currentItem KVO: will willChange AVPlayer.currentItem
2026-10-06 14:38:19.403 Df Lensi[70579:2bf61] [com.apple.coremedia:] <<<< AVPlayer >>>> -[AVPlayer _runOnIvarAccessQueueOperationThatMayChangeCurrentItemWithPreflightBlock:modificationBlock:error:]_block_invoke: <P/BE|0x1091655e0> currentItem KVO: did willChange AVPlayer.currentItem
2026-10-06 14:38:19.403 Df Lensi[70579:2bf61] [com.apple.coremedia:] <<<< AVPlayer >>>> -[AVPlayer _runOnIvarAccessQueueOperationThatMayChangeCurrentItemWithPreflightBlock:modificationBlock:error:]_block_invoke: <P/BE|0x1091655e0> setting timeControlStatus=2, reasonForWaitingToPlay=(null)
2026-10-06 14:38:19.403 Df Lensi[70579:2bf61] [com.apple.coremedia:] <<<< AVPlayer >>>> -[AVPlayer _runOnIvarAccessQueueOperationThatMayChangeCurrentItemWithPreflightBlock:modificationBlock:error:]_block_invoke: <P/BE|0x1091655e0> currentItem KVO: will didChange AVPlayer.currentItem
2026-10-06 14:38:19.403 Df Lensi[70579:2bf61] [com.apple.coremedia:] <<<< AVPlayer >>>> -[AVPlayer _runOnIvarAccessQueueOperationThatMayChangeCurrentItemWithPreflightBlock:modificationBlock:error:]_block_invoke: <P/BE|0x1091655e0> currentItem KVO: did didChange AVPlayer.currentItem
2026-10-06 14:38:36.221 Df Lensi[70579:2f427] [com.apple.coremedia:] <<<< VMC >>>> vmc2BuildDecompressionSession: [0x10ff5c500:P/BE:I/YLD.03.t1e] decompression session 0x1116686c0 (error 0)
2026-10-06 14:38:36.240 Df Lensi[70579:2f81a] [com.apple.coremedia:player] <<<< FigFilePlayer >>>> playerfig_AddToPlayQueue: [0x1119cb700] P/BE item 0x13f42a800 I/YLD.04 at index 2; will NOT disturb play queue; is NOT preparing for transition; returning with error 0
2026-10-06 14:38:37.207 Df Lensi[70579:2bf61] [com.apple.coremedia:] <<<< AVPlayer >>>> -[AVPlayer _runOnIvarAccessQueueOperationThatMayChangeCurrentItemWithPreflightBlock:modificationBlock:error:]_block_invoke_2: <P/BE|0x1091655e0> currentItem KVO: will willChange AVPlayer.currentItem
2026-10-06 14:38:37.207 Df Lensi[70579:2bf61] [com.apple.coremedia:] <<<< AVPlayer >>>> -[AVPlayer _runOnIvarAccessQueueOperationThatMayChangeCurrentItemWithPreflightBlock:modificationBlock:error:]_block_invoke: <P/BE|0x1091655e0> currentItem KVO: did willChange AVPlayer.currentItem
2026-10-06 14:38:37.208 Df Lensi[70579:2bf61] [com.apple.coremedia:] <<<< AVPlayer >>>> -[AVPlayer _runOnIvarAccessQueueOperationThatMayChangeCurrentItemWithPreflightBlock:modificationBlock:error:]_block_invoke: <P/BE|0x1091655e0> setting timeControlStatus=2, reasonForWaitingToPlay=(null)
2026-10-06 14:38:37.208 Df Lensi[70579:2bf61] [com.apple.coremedia:] <<<< AVPlayer >>>> -[AVPlayer _runOnIvarAccessQueueOperationThatMayChangeCurrentItemWithPreflightBlock:modificationBlock:error:]_block_invoke: <P/BE|0x1091655e0> currentItem KVO: will didChange AVPlayer.currentItem
2026-10-06 14:38:37.209 Df Lensi[70579:2bf61] [com.apple.coremedia:] <<<< AVPlayer >>>> -[AVPlayer _runOnIvarAccessQueueOperationThatMayChangeCurrentItemWithPreflightBlock:modificationBlock:error:]_block_invoke: <P/BE|0x1091655e0> currentItem KVO: did didChange AVPlayer.currentItem
2026-10-06 14:38:54.018 Df Lensi[70579:2f81a] [com.apple.coremedia:] <<<< VMC >>>> vmc2BuildDecompressionSession: [0x10ff25e00:P/BE:I/YLD.04.t1e] decompression session 0x111668540 (error 0)
2026-10-06 14:38:54.036 Df Lensi[70579:2fc63] [com.apple.coremedia:player] <<<< FigFilePlayer >>>> playerfig_AddToPlayQueue: [0x1119cb700] P/BE item 0x111b7e800 I/YLD.02 at index 2; will NOT disturb play queue; is NOT preparing for transition; returning with error 0
2026-10-06 14:38:55.005 Df Lensi[70579:2bf61] [com.apple.coremedia:] <<<< AVPlayer >>>> -[AVPlayer _runOnIvarAccessQueueOperationThatMayChangeCurrentItemWithPreflightBlock:modificationBlock:error:]_block_invoke_2: <P/BE|0x1091655e0> currentItem KVO: will willChange AVPlayer.currentItem
2026-10-06 14:38:55.006 Df Lensi[70579:2bf61] [com.apple.coremedia:] <<<< AVPlayer >>>> -[AVPlayer _runOnIvarAccessQueueOperationThatMayChangeCurrentItemWithPreflightBlock:modificationBlock:error:]_block_invoke: <P/BE|0x1091655e0> currentItem KVO: did willChange AVPlayer.currentItem
2026-10-06 14:38:55.006 Df Lensi[70579:2bf61] [com.apple.coremedia:] <<<< AVPlayer >>>> -[AVPlayer _runOnIvarAccessQueueOperationThatMayChangeCurrentItemWithPreflightBlock:modificationBlock:error:]_block_invoke: <P/BE|0x1091655e0> setting timeControlStatus=2, reasonForWaitingToPlay=(null)
2026-10-06 14:38:55.006 Df Lensi[70579:2bf61] [com.apple.coremedia:] <<<< AVPlayer >>>> -[AVPlayer _runOnIvarAccessQueueOperationThatMayChangeCurrentItemWithPreflightBlock:modificationBlock:error:]_block_invoke: <P/BE|0x1091655e0> currentItem KVO: will didChange AVPlayer.currentItem
2026-10-06 14:38:55.008 Df Lensi[70579:2bf61] [com.apple.coremedia:] <<<< AVPlayer >>>> -[AVPlayer _runOnIvarAccessQueueOperationThatMayChangeCurrentItemWithPreflightBlock:modificationBlock:error:]_block_invoke: <P/BE|0x1091655e0> currentItem KVO: did didChange AVPlayer.currentItem
2026-10-06 14:39:11.841 Df Lensi[70579:2fc67] [com.apple.coremedia:] <<<< VMC >>>> vmc2BuildDecompressionSession: [0x1121ccf00:P/BE:I/YLD.02.t1f] decompression session 0x1116686c0 (error 0)
2026-10-06 14:39:11.851 Df Lensi[70579:2fc67] [com.apple.coremedia:player] <<<< FigFilePlayer >>>> playerfig_AddToPlayQueue: [0x1119cb700] P/BE item 0x11209ca00 I/YLD.03 at index 2; will NOT disturb play queue; is NOT preparing for transition; returning with error 0
2026-10-06 14:39:12.810 Df Lensi[70579:2bf61] [com.apple.coremedia:] <<<< AVPlayer >>>> -[AVPlayer _runOnIvarAccessQueueOperationThatMayChangeCurrentItemWithPreflightBlock:modificationBlock:error:]_block_invoke_2: <P/BE|0x1091655e0> currentItem KVO: will willChange AVPlayer.currentItem
2026-10-06 14:39:12.810 Df Lensi[70579:2bf61] [com.apple.coremedia:] <<<< AVPlayer >>>> -[AVPlayer _runOnIvarAccessQueueOperationThatMayChangeCurrentItemWithPreflightBlock:modificationBlock:error:]_block_invoke: <P/BE|0x1091655e0> currentItem KVO: did willChange AVPlayer.currentItem
2026-10-06 14:39:12.810 Df Lensi[70579:2bf61] [com.apple.coremedia:] <<<< AVPlayer >>>> -[AVPlayer _runOnIvarAccessQueueOperationThatMayChangeCurrentItemWithPreflightBlock:modificationBlock:error:]_block_invoke: <P/BE|0x1091655e0> setting timeControlStatus=2, reasonForWaitingToPlay=(null)
2026-10-06 14:39:12.811 Df Lensi[70579:2bf61] [com.apple.coremedia:] <<<< AVPlayer >>>> -[AVPlayer _runOnIvarAccessQueueOperationThatMayChangeCurrentItemWithPreflightBlock:modificationBlock:error:]_block_invoke: <P/BE|0x1091655e0> currentItem KVO: will didChange AVPlayer.currentItem
2026-10-06 14:39:12.812 Df Lensi[70579:2bf61] [com.apple.coremedia:] <<<< AVPlayer >>>> -[AVPlayer _runOnIvarAccessQueueOperationThatMayChangeCurrentItemWithPreflightBlock:modificationBlock:error:]_block_invoke: <P/BE|0x1091655e0> currentItem KVO: did didChange AVPlayer.currentItem
2026-10-06 14:39:29.642 Df Lensi[70579:300fd] [com.apple.coremedia:] <<<< VMC >>>> vmc2BuildDecompressionSession: [0x112257700:P/BE:I/YLD.03.t1f] decompression session 0x111668540 (error 0)
2026-10-06 14:39:29.661 Df Lensi[70579:3039f] [com.apple.coremedia:player] <<<< FigFilePlayer >>>> playerfig_AddToPlayQueue: [0x1119cb700] P/BE item 0x13f42a800 I/YLD.04 at index 2; will NOT disturb play queue; is NOT preparing for transition; returning with error 0
2026-10-06 14:39:30.607 Df Lensi[70579:2bf61] [com.apple.coremedia:] <<<< AVPlayer >>>> -[AVPlayer _runOnIvarAccessQueueOperationThatMayChangeCurrentItemWithPreflightBlock:modificationBlock:error:]_block_invoke_2: <P/BE|0x1091655e0> currentItem KVO: will willChange AVPlayer.currentItem
2026-10-06 14:39:30.607 Df Lensi[70579:2bf61] [com.apple.coremedia:] <<<< AVPlayer >>>> -[AVPlayer _runOnIvarAccessQueueOperationThatMayChangeCurrentItemWithPreflightBlock:modificationBlock:error:]_block_invoke: <P/BE|0x1091655e0> currentItem KVO: did willChange AVPlayer.currentItem
2026-10-06 14:39:30.608 Df Lensi[70579:2bf61] [com.apple.coremedia:] <<<< AVPlayer >>>> -[AVPlayer _runOnIvarAccessQueueOperationThatMayChangeCurrentItemWithPreflightBlock:modificationBlock:error:]_block_invoke: <P/BE|0x1091655e0> setting timeControlStatus=2, reasonForWaitingToPlay=(null)
2026-10-06 14:39:30.608 Df Lensi[70579:2bf61] [com.apple.coremedia:] <<<< AVPlayer >>>> -[AVPlayer _runOnIvarAccessQueueOperationThatMayChangeCurrentItemWithPreflightBlock:modificationBlock:error:]_block_invoke: <P/BE|0x1091655e0> currentItem KVO: will didChange AVPlayer.currentItem
2026-10-06 14:39:30.609 Df Lensi[70579:2bf61] [com.apple.coremedia:] <<<< AVPlayer >>>> -[AVPlayer _runOnIvarAccessQueueOperationThatMayChangeCurrentItemWithPreflightBlock:modificationBlock:error:]_block_invoke: <P/BE|0x1091655e0> currentItem KVO: did didChange AVPlayer.currentItem
2026-10-06 14:39:47.426 Df Lensi[70579:300fd] [com.apple.coremedia:] <<<< VMC >>>> vmc2BuildDecompressionSession: [0x112254f00:P/BE:I/YLD.04.t1f] decompression session 0x1116686c0 (error 0)
2026-10-06 14:39:47.437 Df Lensi[70579:3084d] [com.apple.coremedia:player] <<<< FigFilePlayer >>>> playerfig_AddToPlayQueue: [0x1119cb700] P/BE item 0x111b7e800 I/YLD.02 at index 2; will NOT disturb play queue; is NOT preparing for transition; returning with error 0
2026-10-06 14:39:48.405 Df Lensi[70579:2bf61] [com.apple.coremedia:] <<<< AVPlayer >>>> -[AVPlayer _runOnIvarAccessQueueOperationThatMayChangeCurrentItemWithPreflightBlock:modificationBlock:error:]_block_invoke_2: <P/BE|0x1091655e0> currentItem KVO: will willChange AVPlayer.currentItem
2026-10-06 14:39:48.405 Df Lensi[70579:2bf61] [com.apple.coremedia:] <<<< AVPlayer >>>> -[AVPlayer _runOnIvarAccessQueueOperationThatMayChangeCurrentItemWithPreflightBlock:modificationBlock:error:]_block_invoke: <P/BE|0x1091655e0> currentItem KVO: did willChange AVPlayer.currentItem
2026-10-06 14:39:48.405 Df Lensi[70579:2bf61] [com.apple.coremedia:] <<<< AVPlayer >>>> -[AVPlayer _runOnIvarAccessQueueOperationThatMayChangeCurrentItemWithPreflightBlock:modificationBlock:error:]_block_invoke: <P/BE|0x1091655e0> setting timeControlStatus=2, reasonForWaitingToPlay=(null)
2026-10-06 14:39:48.406 Df Lensi[70579:2bf61] [com.apple.coremedia:] <<<< AVPlayer >>>> -[AVPlayer _runOnIvarAccessQueueOperationThatMayChangeCurrentItemWithPreflightBlock:modificationBlock:error:]_block_invoke: <P/BE|0x1091655e0> currentItem KVO: will didChange AVPlayer.currentItem
2026-10-06 14:39:48.407 Df Lensi[70579:2bf61] [com.apple.coremedia:] <<<< AVPlayer >>>> -[AVPlayer _runOnIvarAccessQueueOperationThatMayChangeCurrentItemWithPreflightBlock:modificationBlock:error:]_block_invoke: <P/BE|0x1091655e0> currentItem KVO: did didChange AVPlayer.currentItem
2026-10-06 14:40:05.249 Df Lensi[70579:30849] [com.apple.coremedia:] <<<< VMC >>>> vmc2BuildDecompressionSession: [0x1121cde00:P/BE:I/YLD.02.t1g] decompression session 0x111668540 (error 0)
2026-10-06 14:40:05.266 Df Lensi[70579:30b46] [com.apple.coremedia:player] <<<< FigFilePlayer >>>> playerfig_AddToPlayQueue: [0x1119cb700] P/BE item 0x11209ca00 I/YLD.03 at index 2; will NOT disturb play queue; is NOT preparing for transition; returning with error 0
2026-10-06 14:40:06.205 Df Lensi[70579:2bf61] [com.apple.coremedia:] <<<< AVPlayer >>>> -[AVPlayer _runOnIvarAccessQueueOperationThatMayChangeCurrentItemWithPreflightBlock:modificationBlock:error:]_block_invoke_2: <P/BE|0x1091655e0> currentItem KVO: will willChange AVPlayer.currentItem
2026-10-06 14:40:06.205 Df Lensi[70579:2bf61] [com.apple.coremedia:] <<<< AVPlayer >>>> -[AVPlayer _runOnIvarAccessQueueOperationThatMayChangeCurrentItemWithPreflightBlock:modificationBlock:error:]_block_invoke: <P/BE|0x1091655e0> currentItem KVO: did willChange AVPlayer.currentItem
2026-10-06 14:40:06.205 Df Lensi[70579:2bf61] [com.apple.coremedia:] <<<< AVPlayer >>>> -[AVPlayer _runOnIvarAccessQueueOperationThatMayChangeCurrentItemWithPreflightBlock:modificationBlock:error:]_block_invoke: <P/BE|0x1091655e0> setting timeControlStatus=2, reasonForWaitingToPlay=(null)
2026-10-06 14:40:06.205 Df Lensi[70579:2bf61] [com.apple.coremedia:] <<<< AVPlayer >>>> -[AVPlayer _runOnIvarAccessQueueOperationThatMayChangeCurrentItemWithPreflightBlock:modificationBlock:error:]_block_invoke: <P/BE|0x1091655e0> currentItem KVO: will didChange AVPlayer.currentItem
2026-10-06 14:40:06.206 Df Lensi[70579:2bf61] [com.apple.coremedia:] <<<< AVPlayer >>>> -[AVPlayer _runOnIvarAccessQueueOperationThatMayChangeCurrentItemWithPreflightBlock:modificationBlock:error:]_block_invoke: <P/BE|0x1091655e0> currentItem KVO: did didChange AVPlayer.currentItem
2026-10-06 14:40:23.030 Df Lensi[70579:3100e] [com.apple.coremedia:] <<<< VMC >>>> vmc2BuildDecompressionSession: [0x112254500:P/BE:I/YLD.03.t1g] decompression session 0x1116686c0 (error 0)
2026-10-06 14:40:23.046 Df Lensi[70579:3100e] [com.apple.coremedia:player] <<<< FigFilePlayer >>>> playerfig_AddToPlayQueue: [0x1119cb700] P/BE item 0x13f42a800 I/YLD.04 at index 2; will NOT disturb play queue; is NOT preparing for transition; returning with error 0
2026-10-06 14:40:24.004 Df Lensi[70579:2bf61] [com.apple.coremedia:] <<<< AVPlayer >>>> -[AVPlayer _runOnIvarAccessQueueOperationThatMayChangeCurrentItemWithPreflightBlock:modificationBlock:error:]_block_invoke_2: <P/BE|0x1091655e0> currentItem KVO: will willChange AVPlayer.currentItem
2026-10-06 14:40:24.005 Df Lensi[70579:2bf61] [com.apple.coremedia:] <<<< AVPlayer >>>> -[AVPlayer _runOnIvarAccessQueueOperationThatMayChangeCurrentItemWithPreflightBlock:modificationBlock:error:]_block_invoke: <P/BE|0x1091655e0> currentItem KVO: did willChange AVPlayer.currentItem
2026-10-06 14:40:24.005 Df Lensi[70579:2bf61] [com.apple.coremedia:] <<<< AVPlayer >>>> -[AVPlayer _runOnIvarAccessQueueOperationThatMayChangeCurrentItemWithPreflightBlock:modificationBlock:error:]_block_invoke: <P/BE|0x1091655e0> setting timeControlStatus=2, reasonForWaitingToPlay=(null)
2026-10-06 14:40:24.006 Df Lensi[70579:2bf61] [com.apple.coremedia:] <<<< AVPlayer >>>> -[AVPlayer _runOnIvarAccessQueueOperationThatMayChangeCurrentItemWithPreflightBlock:modificationBlock:error:]_block_invoke: <P/BE|0x1091655e0> currentItem KVO: will didChange AVPlayer.currentItem
2026-10-06 14:40:24.006 Df Lensi[70579:2bf61] [com.apple.coremedia:] <<<< AVPlayer >>>> -[AVPlayer _runOnIvarAccessQueueOperationThatMayChangeCurrentItemWithPreflightBlock:modificationBlock:error:]_block_invoke: <P/BE|0x1091655e0> currentItem KVO: did didChange AVPlayer.currentItem
2026-10-06 14:40:40.816 Df Lensi[70579:31012] [com.apple.coremedia:] <<<< VMC >>>> vmc2BuildDecompressionSession: [0x1121cf700:P/BE:I/YLD.04.t1g] decompression session 0x111668540 (error 0)
2026-10-06 14:40:40.830 Df Lensi[70579:31411] [com.apple.coremedia:player] <<<< FigFilePlayer >>>> playerfig_AddToPlayQueue: [0x1119cb700] P/BE item 0x111b7e800 I/YLD.02 at index 2; will NOT disturb play queue; is NOT preparing for transition; returning with error 0
2026-10-06 14:40:41.805 Df Lensi[70579:2bf61] [com.apple.coremedia:] <<<< AVPlayer >>>> -[AVPlayer _runOnIvarAccessQueueOperationThatMayChangeCurrentItemWithPreflightBlock:modificationBlock:error:]_block_invoke_2: <P/BE|0x1091655e0> currentItem KVO: will willChange AVPlayer.currentItem
2026-10-06 14:40:41.805 Df Lensi[70579:2bf61] [com.apple.coremedia:] <<<< AVPlayer >>>> -[AVPlayer _runOnIvarAccessQueueOperationThatMayChangeCurrentItemWithPreflightBlock:modificationBlock:error:]_block_invoke: <P/BE|0x1091655e0> currentItem KVO: did willChange AVPlayer.currentItem
2026-10-06 14:40:41.806 Df Lensi[70579:2bf61] [com.apple.coremedia:] <<<< AVPlayer >>>> -[AVPlayer _runOnIvarAccessQueueOperationThatMayChangeCurrentItemWithPreflightBlock:modificationBlock:error:]_block_invoke: <P/BE|0x1091655e0> setting timeControlStatus=2, reasonForWaitingToPlay=(null)
2026-10-06 14:40:41.806 Df Lensi[70579:2bf61] [com.apple.coremedia:] <<<< AVPlayer >>>> -[AVPlayer _runOnIvarAccessQueueOperationThatMayChangeCurrentItemWithPreflightBlock:modificationBlock:error:]_block_invoke: <P/BE|0x1091655e0> currentItem KVO: will didChange AVPlayer.currentItem
2026-10-06 14:40:41.806 Df Lensi[70579:2bf61] [com.apple.coremedia:] <<<< AVPlayer >>>> -[AVPlayer _runOnIvarAccessQueueOperationThatMayChangeCurrentItemWithPreflightBlock:modificationBlock:error:]_block_invoke: <P/BE|0x1091655e0> currentItem KVO: did didChange AVPlayer.currentItem
2026-10-06 14:40:58.613 Df Lensi[70579:31415] [com.apple.coremedia:] <<<< VMC >>>> vmc2BuildDecompressionSession: [0x1121cde00:P/BE:I/YLD.02.t1h] decompression session 0x1116686c0 (error 0)
2026-10-06 14:40:58.624 Df Lensi[70579:3193e] [com.apple.coremedia:player] <<<< FigFilePlayer >>>> playerfig_AddToPlayQueue: [0x1119cb700] P/BE item 0x11209ca00 I/YLD.03 at index 2; will NOT disturb play queue; is NOT preparing for transition; returning with error 0
2026-10-06 14:40:59.606 Df Lensi[70579:2bf61] [com.apple.coremedia:] <<<< AVPlayer >>>> -[AVPlayer _runOnIvarAccessQueueOperationThatMayChangeCurrentItemWithPreflightBlock:modificationBlock:error:]_block_invoke_2: <P/BE|0x1091655e0> currentItem KVO: will willChange AVPlayer.currentItem
2026-10-06 14:40:59.606 Df Lensi[70579:2bf61] [com.apple.coremedia:] <<<< AVPlayer >>>> -[AVPlayer _runOnIvarAccessQueueOperationThatMayChangeCurrentItemWithPreflightBlock:modificationBlock:error:]_block_invoke: <P/BE|0x1091655e0> currentItem KVO: did willChange AVPlayer.currentItem
2026-10-06 14:40:59.606 Df Lensi[70579:2bf61] [com.apple.coremedia:] <<<< AVPlayer >>>> -[AVPlayer _runOnIvarAccessQueueOperationThatMayChangeCurrentItemWithPreflightBlock:modificationBlock:error:]_block_invoke: <P/BE|0x1091655e0> setting timeControlStatus=2, reasonForWaitingToPlay=(null)
2026-10-06 14:40:59.607 Df Lensi[70579:2bf61] [com.apple.coremedia:] <<<< AVPlayer >>>> -[AVPlayer _runOnIvarAccessQueueOperationThatMayChangeCurrentItemWithPreflightBlock:modificationBlock:error:]_block_invoke: <P/BE|0x1091655e0> currentItem KVO: will didChange AVPlayer.currentItem
2026-10-06 14:40:59.608 Df Lensi[70579:2bf61] [com.apple.coremedia:] <<<< AVPlayer >>>> -[AVPlayer _runOnIvarAccessQueueOperationThatMayChangeCurrentItemWithPreflightBlock:modificationBlock:error:]_block_invoke: <P/BE|0x1091655e0> currentItem KVO: did didChange AVPlayer.currentItem
2026-10-06 14:41:16.442 Df Lensi[70579:3193e] [com.apple.coremedia:] <<<< VMC >>>> vmc2BuildDecompressionSession: [0x112257700:P/BE:I/YLD.03.t1h] decompression session 0x111668540 (error 0)
2026-10-06 14:41:16.454 Df Lensi[70579:3193e] [com.apple.coremedia:player] <<<< FigFilePlayer >>>> playerfig_AddToPlayQueue: [0x1119cb700] P/BE item 0x13f42a800 I/YLD.04 at index 2; will NOT disturb play queue; is NOT preparing for transition; returning with error 0
2026-10-06 14:41:17.407 Df Lensi[70579:2bf61] [com.apple.coremedia:] <<<< AVPlayer >>>> -[AVPlayer _runOnIvarAccessQueueOperationThatMayChangeCurrentItemWithPreflightBlock:modificationBlock:error:]_block_invoke_2: <P/BE|0x1091655e0> currentItem KVO: will willChange AVPlayer.currentItem
2026-10-06 14:41:17.407 Df Lensi[70579:2bf61] [com.apple.coremedia:] <<<< AVPlayer >>>> -[AVPlayer _runOnIvarAccessQueueOperationThatMayChangeCurrentItemWithPreflightBlock:modificationBlock:error:]_block_invoke: <P/BE|0x1091655e0> currentItem KVO: did willChange AVPlayer.currentItem
2026-10-06 14:41:17.407 Df Lensi[70579:2bf61] [com.apple.coremedia:] <<<< AVPlayer >>>> -[AVPlayer _runOnIvarAccessQueueOperationThatMayChangeCurrentItemWithPreflightBlock:modificationBlock:error:]_block_invoke: <P/BE|0x1091655e0> setting timeControlStatus=2, reasonForWaitingToPlay=(null)
2026-10-06 14:41:17.408 Df Lensi[70579:2bf61] [com.apple.coremedia:] <<<< AVPlayer >>>> -[AVPlayer _runOnIvarAccessQueueOperationThatMayChangeCurrentItemWithPreflightBlock:modificationBlock:error:]_block_invoke: <P/BE|0x1091655e0> currentItem KVO: will didChange AVPlayer.currentItem
2026-10-06 14:41:17.408 Df Lensi[70579:2bf61] [com.apple.coremedia:] <<<< AVPlayer >>>> -[AVPlayer _runOnIvarAccessQueueOperationThatMayChangeCurrentItemWithPreflightBlock:modificationBlock:error:]_block_invoke: <P/BE|0x1091655e0> currentItem KVO: did didChange AVPlayer.currentItem
2026-10-06 14:41:34.225 Df Lensi[70579:31bcf] [com.apple.coremedia:] <<<< VMC >>>> vmc2BuildDecompressionSession: [0x111bf9400:P/BE:I/YLD.04.t1h] decompression session 0x1116686c0 (error 0)
2026-10-06 14:41:34.240 Df Lensi[70579:31bcf] [com.apple.coremedia:player] <<<< FigFilePlayer >>>> playerfig_AddToPlayQueue: [0x1119cb700] P/BE item 0x111b7e800 I/YLD.02 at index 2; will NOT disturb play queue; is NOT preparing for transition; returning with error 0
2026-10-06 14:41:35.205 Df Lensi[70579:2bf61] [com.apple.coremedia:] <<<< AVPlayer >>>> -[AVPlayer _runOnIvarAccessQueueOperationThatMayChangeCurrentItemWithPreflightBlock:modificationBlock:error:]_block_invoke_2: <P/BE|0x1091655e0> currentItem KVO: will willChange AVPlayer.currentItem
2026-10-06 14:41:35.205 Df Lensi[70579:2bf61] [com.apple.coremedia:] <<<< AVPlayer >>>> -[AVPlayer _runOnIvarAccessQueueOperationThatMayChangeCurrentItemWithPreflightBlock:modificationBlock:error:]_block_invoke: <P/BE|0x1091655e0> currentItem KVO: did willChange AVPlayer.currentItem
2026-10-06 14:41:35.205 Df Lensi[70579:2bf61] [com.apple.coremedia:] <<<< AVPlayer >>>> -[AVPlayer _runOnIvarAccessQueueOperationThatMayChangeCurrentItemWithPreflightBlock:modificationBlock:error:]_block_invoke: <P/BE|0x1091655e0> setting timeControlStatus=2, reasonForWaitingToPlay=(null)
2026-10-06 14:41:35.205 Df Lensi[70579:2bf61] [com.apple.coremedia:] <<<< AVPlayer >>>> -[AVPlayer _runOnIvarAccessQueueOperationThatMayChangeCurrentItemWithPreflightBlock:modificationBlock:error:]_block_invoke: <P/BE|0x1091655e0> currentItem KVO: will didChange AVPlayer.currentItem
2026-10-06 14:41:35.206 Df Lensi[70579:2bf61] [com.apple.coremedia:] <<<< AVPlayer >>>> -[AVPlayer _runOnIvarAccessQueueOperationThatMayChangeCurrentItemWithPreflightBlock:modificationBlock:error:]_block_invoke: <P/BE|0x1091655e0> currentItem KVO: did didChange AVPlayer.currentItem
2026-10-06 14:41:52.037 Df Lensi[70579:31e33] [com.apple.coremedia:] <<<< VMC >>>> vmc2BuildDecompressionSession: [0x10ff25e00:P/BE:I/YLD.02.t1i] decompression session 0x111668540 (error 0)
2026-10-06 14:41:52.060 Df Lensi[70579:31e33] [com.apple.coremedia:player] <<<< FigFilePlayer >>>> playerfig_AddToPlayQueue: [0x1119cb700] P/BE item 0x11209ca00 I/YLD.03 at index 2; will NOT disturb play queue; is NOT preparing for transition; returning with error 0
2026-10-06 14:41:53.008 Df Lensi[70579:2bf61] [com.apple.coremedia:] <<<< AVPlayer >>>> -[AVPlayer _runOnIvarAccessQueueOperationThatMayChangeCurrentItemWithPreflightBlock:modificationBlock:error:]_block_invoke_2: <P/BE|0x1091655e0> currentItem KVO: will willChange AVPlayer.currentItem
2026-10-06 14:41:53.008 Df Lensi[70579:2bf61] [com.apple.coremedia:] <<<< AVPlayer >>>> -[AVPlayer _runOnIvarAccessQueueOperationThatMayChangeCurrentItemWithPreflightBlock:modificationBlock:error:]_block_invoke: <P/BE|0x1091655e0> currentItem KVO: did willChange AVPlayer.currentItem
2026-10-06 14:41:53.008 Df Lensi[70579:2bf61] [com.apple.coremedia:] <<<< AVPlayer >>>> -[AVPlayer _runOnIvarAccessQueueOperationThatMayChangeCurrentItemWithPreflightBlock:modificationBlock:error:]_block_invoke: <P/BE|0x1091655e0> setting timeControlStatus=2, reasonForWaitingToPlay=(null)
2026-10-06 14:41:53.008 Df Lensi[70579:2bf61] [com.apple.coremedia:] <<<< AVPlayer >>>> -[AVPlayer _runOnIvarAccessQueueOperationThatMayChangeCurrentItemWithPreflightBlock:modificationBlock:error:]_block_invoke: <P/BE|0x1091655e0> currentItem KVO: will didChange AVPlayer.currentItem
2026-10-06 14:41:53.009 Df Lensi[70579:2bf61] [com.apple.coremedia:] <<<< AVPlayer >>>> -[AVPlayer _runOnIvarAccessQueueOperationThatMayChangeCurrentItemWithPreflightBlock:modificationBlock:error:]_block_invoke: <P/BE|0x1091655e0> currentItem KVO: did didChange AVPlayer.currentItem
2026-10-06 14:42:09.961 Df Lensi[70579:31e33] [com.apple.coremedia:] <<<< VMC >>>> vmc2BuildDecompressionSession: [0x111bfad00:P/BE:I/YLD.03.t1i] decompression session 0x1116686c0 (error 0)
2026-10-06 14:42:09.979 Df Lensi[70579:31e33] [com.apple.coremedia:player] <<<< FigFilePlayer >>>> playerfig_AddToPlayQueue: [0x1119cb700] P/BE item 0x13f42a800 I/YLD.04 at index 2; will NOT disturb play queue; is NOT preparing for transition; returning with error 0
2026-10-06 14:42:10.807 Df Lensi[70579:2bf61] [com.apple.coremedia:] <<<< AVPlayer >>>> -[AVPlayer _runOnIvarAccessQueueOperationThatMayChangeCurrentItemWithPreflightBlock:modificationBlock:error:]_block_invoke_2: <P/BE|0x1091655e0> currentItem KVO: will willChange AVPlayer.currentItem
2026-10-06 14:42:10.807 Df Lensi[70579:2bf61] [com.apple.coremedia:] <<<< AVPlayer >>>> -[AVPlayer _runOnIvarAccessQueueOperationThatMayChangeCurrentItemWithPreflightBlock:modificationBlock:error:]_block_invoke: <P/BE|0x1091655e0> currentItem KVO: did willChange AVPlayer.currentItem
2026-10-06 14:42:10.807 Df Lensi[70579:2bf61] [com.apple.coremedia:] <<<< AVPlayer >>>> -[AVPlayer _runOnIvarAccessQueueOperationThatMayChangeCurrentItemWithPreflightBlock:modificationBlock:error:]_block_invoke: <P/BE|0x1091655e0> setting timeControlStatus=2, reasonForWaitingToPlay=(null)
2026-10-06 14:42:10.807 Df Lensi[70579:2bf61] [com.apple.coremedia:] <<<< AVPlayer >>>> -[AVPlayer _runOnIvarAccessQueueOperationThatMayChangeCurrentItemWithPreflightBlock:modificationBlock:error:]_block_invoke: <P/BE|0x1091655e0> currentItem KVO: will didChange AVPlayer.currentItem
2026-10-06 14:42:10.808 Df Lensi[70579:2bf61] [com.apple.coremedia:] <<<< AVPlayer >>>> -[AVPlayer _runOnIvarAccessQueueOperationThatMayChangeCurrentItemWithPreflightBlock:modificationBlock:error:]_block_invoke: <P/BE|0x1091655e0> currentItem KVO: did didChange AVPlayer.currentItem
2026-10-06 14:42:27.801 Df Lensi[70579:32327] [com.apple.coremedia:] <<<< VMC >>>> vmc2BuildDecompressionSession: [0x1121ccf00:P/BE:I/YLD.04.t1i] decompression session 0x111668480 (error 0)
2026-10-06 14:42:27.827 Df Lensi[70579:32327] [com.apple.coremedia:player] <<<< FigFilePlayer >>>> playerfig_AddToPlayQueue: [0x1119cb700] P/BE item 0x111b7e800 I/YLD.02 at index 2; will NOT disturb play queue; is NOT preparing for transition; returning with error 0
2026-10-06 14:42:28.615 Df Lensi[70579:2bf61] [com.apple.coremedia:] <<<< AVPlayer >>>> -[AVPlayer _runOnIvarAccessQueueOperationThatMayChangeCurrentItemWithPreflightBlock:modificationBlock:error:]_block_invoke_2: <P/BE|0x1091655e0> currentItem KVO: will willChange AVPlayer.currentItem
2026-10-06 14:42:28.616 Df Lensi[70579:2bf61] [com.apple.coremedia:] <<<< AVPlayer >>>> -[AVPlayer _runOnIvarAccessQueueOperationThatMayChangeCurrentItemWithPreflightBlock:modificationBlock:error:]_block_invoke: <P/BE|0x1091655e0> currentItem KVO: did willChange AVPlayer.currentItem
2026-10-06 14:42:28.616 Df Lensi[70579:2bf61] [com.apple.coremedia:] <<<< AVPlayer >>>> -[AVPlayer _runOnIvarAccessQueueOperationThatMayChangeCurrentItemWithPreflightBlock:modificationBlock:error:]_block_invoke: <P/BE|0x1091655e0> setting timeControlStatus=2, reasonForWaitingToPlay=(null)
2026-10-06 14:42:28.616 Df Lensi[70579:2bf61] [com.apple.coremedia:] <<<< AVPlayer >>>> -[AVPlayer _runOnIvarAccessQueueOperationThatMayChangeCurrentItemWithPreflightBlock:modificationBlock:error:]_block_invoke: <P/BE|0x1091655e0> currentItem KVO: will didChange AVPlayer.currentItem
2026-10-06 14:42:28.616 Df Lensi[70579:2bf61] [com.apple.coremedia:] <<<< AVPlayer >>>> -[AVPlayer _runOnIvarAccessQueueOperationThatMayChangeCurrentItemWithPreflightBlock:modificationBlock:error:]_block_invoke: <P/BE|0x1091655e0> currentItem KVO: did didChange AVPlayer.currentItem
2026-10-06 14:42:37.856 Df Lensi[70579:31bc0] [com.apple.coremedia:] <<<< FigExportCommmon >>>> remakerfamily_setFailureStatusIfError: [0x10fc0ee00|W/YO] FigAssetWriter:[EXP]:Set Failure Status if error err 0 state finish writing called
2026-10-06 14:42:37.874 Df Lensi[70579:2c279] (Foundation) [lensi] EdgeTAM in the app: followed in 267 of 267 frames (every 1), median 1627 ms a frame, models loaded in 2100 ms
2026-10-06 14:42:45.432 Df Lensi[70579:32327] [com.apple.coremedia:] <<<< VMC >>>> vmc2BuildDecompressionSession: [0x10ff25e00:P/BE:I/YLD.02.t1j] decompression session 0x111668780 (error 0)
2026-10-06 14:42:45.448 Df Lensi[70579:32327] [com.apple.coremedia:player] <<<< FigFilePlayer >>>> playerfig_AddToPlayQueue: [0x1119cb700] P/BE item 0x11209ca00 I/YLD.03 at index 2; will NOT disturb play queue; is NOT preparing for transition; returning with error 0
2026-10-06 14:42:46.406 Df Lensi[70579:2bf61] [com.apple.coremedia:] <<<< AVPlayer >>>> -[AVPlayer _runOnIvarAccessQueueOperationThatMayChangeCurrentItemWithPreflightBlock:modificationBlock:error:]_block_invoke_2: <P/BE|0x1091655e0> currentItem KVO: will willChange AVPlayer.currentItem
2026-10-06 14:42:46.406 Df Lensi[70579:2bf61] [com.apple.coremedia:] <<<< AVPlayer >>>> -[AVPlayer _runOnIvarAccessQueueOperationThatMayChangeCurrentItemWithPreflightBlock:modificationBlock:error:]_block_invoke: <P/BE|0x1091655e0> currentItem KVO: did willChange AVPlayer.currentItem
2026-10-06 14:42:46.406 Df Lensi[70579:2bf61] [com.apple.coremedia:] <<<< AVPlayer >>>> -[AVPlayer _runOnIvarAccessQueueOperationThatMayChangeCurrentItemWithPreflightBlock:modificationBlock:error:]_block_invoke: <P/BE|0x1091655e0> setting timeControlStatus=2, reasonForWaitingToPlay=(null)
2026-10-06 14:42:46.406 Df Lensi[70579:2bf61] [com.apple.coremedia:] <<<< AVPlayer >>>> -[AVPlayer _runOnIvarAccessQueueOperationThatMayChangeCurrentItemWithPreflightBlock:modificationBlock:error:]_block_invoke: <P/BE|0x1091655e0> currentItem KVO: will didChange AVPlayer.currentItem
2026-10-06 14:42:46.406 Df Lensi[70579:2bf61] [com.apple.coremedia:] <<<< AVPlayer >>>> -[AVPlayer _runOnIvarAccessQueueOperationThatMayChangeCurrentItemWithPreflightBlock:modificationBlock:error:]_block_invoke: <P/BE|0x1091655e0> currentItem KVO: did didChange AVPlayer.currentItem
2026-10-06 14:43:03.223 Df Lensi[70579:32327] [com.apple.coremedia:] <<<< VMC >>>> vmc2BuildDecompressionSession: [0x112257700:P/BE:I/YLD.03.t1j] decompression session 0x111668480 (error 0)
2026-10-06 14:43:03.240 Df Lensi[70579:32327] [com.apple.coremedia:player] <<<< FigFilePlayer >>>> playerfig_AddToPlayQueue: [0x1119cb700] P/BE item 0x13f42a800 I/YLD.04 at index 2; will NOT disturb play queue; is NOT preparing for transition; returning with error 0
2026-10-06 14:43:04.204 Df Lensi[70579:2bf61] [com.apple.coremedia:] <<<< AVPlayer >>>> -[AVPlayer _runOnIvarAccessQueueOperationThatMayChangeCurrentItemWithPreflightBlock:modificationBlock:error:]_block_invoke_2: <P/BE|0x1091655e0> currentItem KVO: will willChange AVPlayer.currentItem
2026-10-06 14:43:04.204 Df Lensi[70579:2bf61] [com.apple.coremedia:] <<<< AVPlayer >>>> -[AVPlayer _runOnIvarAccessQueueOperationThatMayChangeCurrentItemWithPreflightBlock:modificationBlock:error:]_block_invoke: <P/BE|0x1091655e0> currentItem KVO: did willChange AVPlayer.currentItem
2026-10-06 14:43:04.204 Df Lensi[70579:2bf61] [com.apple.coremedia:] <<<< AVPlayer >>>> -[AVPlayer _runOnIvarAccessQueueOperationThatMayChangeCurrentItemWithPreflightBlock:modificationBlock:error:]_block_invoke: <P/BE|0x1091655e0> setting timeControlStatus=2, reasonForWaitingToPlay=(null)
2026-10-06 14:43:04.204 Df Lensi[70579:2bf61] [com.apple.coremedia:] <<<< AVPlayer >>>> -[AVPlayer _runOnIvarAccessQueueOperationThatMayChangeCurrentItemWithPreflightBlock:modificationBlock:error:]_block_invoke: <P/BE|0x1091655e0> currentItem KVO: will didChange AVPlayer.currentItem
2026-10-06 14:43:04.205 Df Lensi[70579:2bf61] [com.apple.coremedia:] <<<< AVPlayer >>>> -[AVPlayer _runOnIvarAccessQueueOperationThatMayChangeCurrentItemWithPreflightBlock:modificationBlock:error:]_block_invoke: <P/BE|0x1091655e0> currentItem KVO: did didChange AVPlayer.currentItem
2026-10-06 14:43:28.970 E  Lensi[82516:33165] [com.apple.coreaudio:as_client] AVAudioSessionImpl_Simulator.mm:139   Unsupported property: SupportsInterruptionEndedAfterActivationError
2026-10-06 14:43:29.652 E  Lensi[82516:330e2] [com.apple.BoardServices:XPCErrors] non-launching port is incompatible with service identifier "com.apple.PointerUI.pointeruid.default-service"
2026-10-06 14:43:44.105 E  Lensi[83351:33896] [com.apple.BoardServices:XPCErrors] non-launching port is incompatible with service identifier "com.apple.PointerUI.pointeruid.default-service"
2026-10-06 14:43:59.524 Df Lensi[83351:33896] (Foundation) [lensi] over the air: starting from update 08c609c275a1593d8c61c06e511012d11978a7e2
2026-10-06 14:44:35.103 Df Lensi[85379:34e4f] (Foundation) [lensi] over the air: starting from update 08c609c275a1593d8c61c06e511012d11978a7e2
2026-10-06 14:44:40.483 E  Lensi[85379:34e4f] [com.apple.BoardServices:XPCErrors] non-launching port is incompatible with service identifier "com.apple.PointerUI.pointeruid.default-service"
2026-10-06 14:45:22.940 Df Lensi[87059:35f60] (Foundation) [lensi] over the air: starting from update 08c609c275a1593d8c61c06e511012d11978a7e2
2026-10-06 14:45:27.979 E  Lensi[87059:3616c] [com.apple.coreaudio:as_client] AVAudioSessionImpl_Simulator.mm:139   Unsupported property: SupportsInterruptionEndedAfterActivationError
2026-10-06 14:45:28.101 Df Lensi[87059:3616f] [com.apple.securityd:SecError] SecTrustReportNetworkingAnalytics failed with error: -4
2026-10-06 14:45:28.149 E  Lensi[87059:3616e] [com.apple.network:connection] nw_socket_handle_socket_event [C1.1.1:2] Socket SO_ERROR [61: Connection refused]
2026-10-06 14:45:28.153 E  Lensi[87059:3616e] [com.apple.network:connection] nw_endpoint_flow_failed_with_error [C1.1.1 IPv6#f86d1f5a.8787 in_progress socket-flow (satisfied (Path is satisfied), interface: lo0)] already failing, returning
2026-10-06 14:45:28.153 Df Lensi[87059:3616e] [com.apple.network:connection] [C1.1.1 IPv6#f86d1f5a.8787 failed socket-flow (satisfied (Path is satisfied), interface: lo0)] event: flow:failed_connect @0.038s, error Connection refused
2026-10-06 14:45:28.375 E  Lensi[87059:35f60] [com.apple.BoardServices:XPCErrors] non-launching port is incompatible with service identifier "com.apple.PointerUI.pointeruid.default-service"
2026-10-06 14:45:34.861 E  Lensi[87059:3616a] [com.apple.e5rt:e5rt] E5RT encountered an STL exception. msg = On-device compilation within a VM only supports CPU currently..
2026-10-06 14:45:35.098 E  Lensi[87059:3616a] [com.apple.Quagga:Inference] e5rt_e5_compiler_compile failed: (11): OPERATION ERROR
2026-10-06 14:45:35.099 E  Lensi[87059:3616a] [com.apple.Quagga:Context] [PREFLIGHTING] context 0x12a4d8fc0: failed to preflight ANMDModel, error: Error Domain=MRCErrorDomain Code=-6001 "Unable to compile network." UserInfo={NSDescription=Unable to compile network., MRCErrorE5RTErrorCodeKey=11, MRCErrorE5RTErrorCodeStringKey=OPERATION ERROR}
2026-10-06 14:45:36.909 Df Lensi[87059:3636d] [com.apple.securityd:SecError] SecTrustReportNetworkingAnalytics failed with error: -4
2026-10-06 14:45:36.916 E  Lensi[87059:3636d] [com.apple.network:connection] nw_socket_handle_socket_event [C2.1.1:2] Socket SO_ERROR [61: Connection refused]
2026-10-06 14:45:36.916 E  Lensi[87059:3636d] [com.apple.network:connection] nw_endpoint_flow_failed_with_error [C2.1.1 IPv6#f86d1f5a.8787 in_progress socket-flow (satisfied (Path is satisfied), interface: lo0)] already failing, returning
2026-10-06 14:45:36.916 Df Lensi[87059:3636d] [com.apple.network:connection] [C2.1.1 IPv6#f86d1f5a.8787 failed socket-flow (satisfied (Path is satisfied), interface: lo0)] event: flow:failed_connect @0.006s, error Connection refused
2026-10-06 14:46:32.164 Df Lensi[89286:375b8] (Foundation) [lensi] over the air: starting from update 08c609c275a1593d8c61c06e511012d11978a7e2
2026-10-06 14:46:37.513 Df Lensi[89286:37894] [com.apple.securityd:SecError] SecTrustReportNetworkingAnalytics failed with error: -4
2026-10-06 14:46:37.531 E  Lensi[89286:37893] [com.apple.network:connection] nw_socket_handle_socket_event [C1.1.1:2] Socket SO_ERROR [61: Connection refused]
2026-10-06 14:46:37.532 E  Lensi[89286:37893] [com.apple.network:connection] nw_endpoint_flow_failed_with_error [C1.1.1 IPv6#2dbd2a2d.8787 in_progress socket-flow (satisfied (Path is satisfied), interface: lo0)] already failing, returning
2026-10-06 14:46:37.532 Df Lensi[89286:37893] [com.apple.network:connection] [C1.1.1 IPv6#2dbd2a2d.8787 failed socket-flow (satisfied (Path is satisfied), interface: lo0)] event: flow:failed_connect @0.012s, error Connection refused
2026-10-06 14:46:37.538 E  Lensi[89286:37893] [com.apple.network:connection] nw_socket_handle_socket_event [C1.1.2:2] Socket SO_ERROR [61: Connection refused]
2026-10-06 14:46:37.538 E  Lensi[89286:37893] [com.apple.network:connection] nw_endpoint_flow_failed_with_error [C1.1.2 IPv4#d82e2c22:8787 in_progress socket-flow (satisfied (Path is satisfied), interface: lo0)] already failing, returning
2026-10-06 14:46:37.538 Df Lensi[89286:37893] [com.apple.network:connection] [C1.1.2 IPv4#d82e2c22:8787 failed socket-flow (satisfied (Path is satisfied), interface: lo0)] event: flow:failed_connect @0.017s, error Connection refused
2026-10-06 14:46:37.538 E  Lensi[89286:37893] [com.apple.network:connection] nw_endpoint_flow_failed_with_error [C1.1.2 IPv4#d82e2c22:8787 cancelled socket-flow ((null))] already failing, returning
2026-10-06 14:46:37.538 Df Lensi[89286:37893] [com.apple.network:connection] nw_connection_report_state_with_handler_on_nw_queue [C1] reporting state failed error Connection refused
2026-10-06 14:46:37.539 E  Lensi[89286:37893] [com.apple.CFNetwork:Default] Connection 1: encountered error(1:61)
2026-10-06 14:46:37.541 Df Lensi[89286:37893] [com.apple.network:connection] nw_connection_report_state_with_handler_on_nw_queue [C1] reporting state cancelled error Connection refused
2026-10-06 14:46:37.541 Df Lensi[89286:37893] [com.apple.CFNetwork:Default] Task <5946A7D1-9903-4789-ACDF-5A791EBEAE88>.<1> can retry(N) with reason(2) for error [1:61]
2026-10-06 14:46:37.541 E  Lensi[89286:37896] [com.apple.CFNetwork:Default] Task <5946A7D1-9903-4789-ACDF-5A791EBEAE88>.<1> HTTP load failed, 0/0 bytes (error code: -1004 [1:61])
2026-10-06 14:46:37.546 E  Lensi[89286:37896] [com.apple.CFNetwork:Default] Task <5946A7D1-9903-4789-ACDF-5A791EBEAE88>.<1> finished with error [-1004] Error Domain=NSURLErrorDomain Code=-1004 "Could not connect to the server." UserInfo={_kCFStreamErrorCodeKey=61, NSUnderlyingError=0x10901edf0 {Error Domain=kCFErrorDomainCFNetwork Code=-1004 "(null)" UserInfo={_NSURLErrorNWPathKey=satisfied (Path is satisfied), interface: en0, _kCFStreamErrorCodeKey=61, _kCFStreamErrorDomainKey=1}}, _NSURLErrorFailingURLSessionTaskErrorKey=LocalDataTask <5946A7D1-9903-4789-ACDF-5A791EBEAE88>.<1>, _NSURLErrorRelatedURLSessionTaskErrorKey=(
), NSLocalizedDescription=Could not connect to the server., NSErrorFailingURLStringKey=http://localhost:8787/health, NSErrorFailingURLKey=http://localhost:8787/health, _kCFStreamErrorDomainKey=1}
2026-10-06 14:46:37.547 Df Lensi[89286:37893] [com.apple.securityd:SecError] SecTrustReportNetworkingAnalytics failed with error: -4
2026-10-06 14:46:37.829 E  Lensi[89286:375b8] [com.apple.BoardServices:XPCErrors] non-launching port is incompatible with service identifier "com.apple.PointerUI.pointeruid.default-service"
2026-10-06 14:46:51.945 Df Lensi[90072:37cfe] (Foundation) [lensi] over the air: starting from update 08c609c275a1593d8c61c06e511012d11978a7e2
2026-10-06 14:46:56.875 E  Lensi[90072:37f26] [com.apple.coreaudio:as_client] AVAudioSessionImpl_Simulator.mm:139   Unsupported property: SupportsInterruptionEndedAfterActivationError
2026-10-06 14:46:56.968 Df Lensi[90072:37f1b] [com.apple.securityd:SecError] SecTrustReportNetworkingAnalytics failed with error: -4
2026-10-06 14:46:56.998 E  Lensi[90072:3826d] [com.apple.network:connection] nw_socket_handle_socket_event [C1.1.1:2] Socket SO_ERROR [61: Connection refused]
2026-10-06 14:46:57.000 E  Lensi[90072:3826d] [com.apple.network:connection] nw_endpoint_flow_failed_with_error [C1.1.1 IPv6#e06ca832.8787 in_progress socket-flow (satisfied (Path is satisfied), interface: lo0)] already failing, returning
2026-10-06 14:46:57.000 Df Lensi[90072:3826d] [com.apple.network:connection] [C1.1.1 IPv6#e06ca832.8787 failed socket-flow (satisfied (Path is satisfied), interface: lo0)] event: flow:failed_connect @0.022s, error Connection refused
2026-10-06 14:46:57.021 E  Lensi[90072:3826d] [com.apple.network:connection] nw_socket_handle_socket_event [C1.1.2:2] Socket SO_ERROR [61: Connection refused]
2026-10-06 14:46:57.022 E  Lensi[90072:3826d] [com.apple.network:connection] nw_endpoint_flow_failed_with_error [C1.1.2 IPv4#a159f17b:8787 in_progress socket-flow (satisfied (Path is satisfied), interface: lo0)] already failing, returning
2026-10-06 14:46:57.029 Df Lensi[90072:3826d] [com.apple.network:connection] [C1.1.2 IPv4#a159f17b:8787 failed socket-flow (satisfied (Path is satisfied), interface: lo0)] event: flow:failed_connect @0.050s, error Connection refused
2026-10-06 14:46:57.067 E  Lensi[90072:3826d] [com.apple.network:connection] nw_endpoint_flow_failed_with_error [C1.1.2 IPv4#a159f17b:8787 cancelled socket-flow ((null))] already failing, returning
2026-10-06 14:46:57.071 Df Lensi[90072:3826d] [com.apple.network:connection] nw_connection_report_state_with_handler_on_nw_queue [C1] reporting state failed error Connection refused
2026-10-06 14:46:57.072 Df Lensi[90072:3826e] [com.apple.securityd:SecError] SecTrustReportNetworkingAnalytics failed with error: -4
2026-10-06 14:46:57.182 E  Lensi[90072:3826d] [com.apple.CFNetwork:Default] Connection 1: encountered error(1:61)
2026-10-06 14:46:57.185 Df Lensi[90072:3826d] [com.apple.network:connection] nw_connection_report_state_with_handler_on_nw_queue [C1] reporting state cancelled error Connection refused
2026-10-06 14:46:57.185 Df Lensi[90072:3826d] [com.apple.CFNetwork:Default] Task <4EB95E8E-195E-41C4-9791-D3D501FEDD89>.<1> can retry(N) with reason(2) for error [1:61]
2026-10-06 14:46:57.187 Df Lensi[90072:37f1b] [com.apple.securityd:SecError] SecTrustReportNetworkingAnalytics failed with error: -4
2026-10-06 14:46:57.194 E  Lensi[90072:3826d] [com.apple.CFNetwork:Default] Task <4EB95E8E-195E-41C4-9791-D3D501FEDD89>.<1> HTTP load failed, 0/0 bytes (error code: -1004 [1:61])
2026-10-06 14:46:57.195 E  Lensi[90072:37f1b] [com.apple.CFNetwork:Default] Task <4EB95E8E-195E-41C4-9791-D3D501FEDD89>.<1> finished with error [-1004] Error Domain=NSURLErrorDomain Code=-1004 "Could not connect to the server." UserInfo={_kCFStreamErrorCodeKey=61, NSUnderlyingError=0x118105e60 {Error Domain=kCFErrorDomainCFNetwork Code=-1004 "(null)" UserInfo={_NSURLErrorNWPathKey=satisfied (Path is satisfied), interface: en0, _kCFStreamErrorCodeKey=61, _kCFStreamErrorDomainKey=1}}, _NSURLErrorFailingURLSessionTaskErrorKey=LocalDataTask <4EB95E8E-195E-41C4-9791-D3D501FEDD89>.<1>, _NSURLErrorRelatedURLSessionTaskErrorKey=(
), NSLocalizedDescription=Could not connect to the server., NSErrorFailingURLStringKey=http://localhost:8787/health, NSErrorFailingURLKey=http://localhost:8787/health, _kCFStreamErrorDomainKey=1}
2026-10-06 14:46:57.228 E  Lensi[90072:3826d] [com.apple.network:connection] nw_socket_handle_socket_event [C2.1.1:2] Socket SO_ERROR [61: Connection refused]
2026-10-06 14:46:57.229 E  Lensi[90072:3826d] [com.apple.network:connection] nw_endpoint_flow_failed_with_error [C2.1.1 IPv6#e06ca832.8787 in_progress socket-flow (satisfied (Path is satisfied), interface: lo0)] already failing, returning
2026-10-06 14:46:57.229 Df Lensi[90072:3826d] [com.apple.network:connection] [C2.1.1 IPv6#e06ca832.8787 failed socket-flow (satisfied (Path is satisfied), interface: lo0)] event: flow:failed_connect @0.043s, error Connection refused
2026-10-06 14:46:57.232 E  Lensi[90072:3826d] [com.apple.network:connection] nw_socket_handle_socket_event [C2.1.2:2] Socket SO_ERROR [61: Connection refused]
2026-10-06 14:46:57.233 E  Lensi[90072:3826d] [com.apple.network:connection] nw_endpoint_flow_failed_with_error [C2.1.2 IPv4#a159f17b:8787 in_progress socket-flow (satisfied (Path is satisfied), interface: lo0)] already failing, returning
2026-10-06 14:46:57.234 Df Lensi[90072:3826d] [com.apple.network:connection] [C2.1.2 IPv4#a159f17b:8787 failed socket-flow (satisfied (Path is satisfied), interface: lo0)] event: flow:failed_connect @0.047s, error Connection refused
2026-10-06 14:46:57.236 E  Lensi[90072:3826d] [com.apple.network:connection] nw_endpoint_flow_failed_with_error [C2.1.2 IPv4#a159f17b:8787 cancelled socket-flow ((null))] already failing, returning
2026-10-06 14:46:57.237 Df Lensi[90072:3826d] [com.apple.network:connection] nw_connection_report_state_with_handler_on_nw_queue [C2] reporting state failed error Connection refused
2026-10-06 14:46:57.237 E  Lensi[90072:3826d] [com.apple.CFNetwork:Default] Connection 2: encountered error(1:61)
2026-10-06 14:46:57.238 Df Lensi[90072:3826d] [com.apple.network:connection] nw_connection_report_state_with_handler_on_nw_queue [C2] reporting state cancelled error Connection refused
2026-10-06 14:46:57.239 Df Lensi[90072:3826d] [com.apple.CFNetwork:Default] Task <71D2C2AA-DFEF-411F-90EB-8B44B32F5DEA>.<2> can retry(N) with reason(2) for error [1:61]
2026-10-06 14:46:57.239 Df Lensi[90072:37f1b] [com.apple.securityd:SecError] SecTrustReportNetworkingAnalytics failed with error: -4
2026-10-06 14:46:57.239 E  Lensi[90072:3826d] [com.apple.CFNetwork:Default] Task <71D2C2AA-DFEF-411F-90EB-8B44B32F5DEA>.<2> HTTP load failed, 0/0 bytes (error code: -1004 [1:61])
2026-10-06 14:46:57.240 E  Lensi[90072:37f1b] [com.apple.CFNetwork:Default] Task <71D2C2AA-DFEF-411F-90EB-8B44B32F5DEA>.<2> finished with error [-1004] Error Domain=NSURLErrorDomain Code=-1004 "Could not connect to the server." UserInfo={_kCFStreamErrorCodeKey=61, NSUnderlyingError=0x118107060 {Error Domain=kCFErrorDomainCFNetwork Code=-1004 "(null)" UserInfo={_NSURLErrorNWPathKey=satisfied (Path is satisfied), interface: en0, _kCFStreamErrorCodeKey=61, _kCFStreamErrorDomainKey=1}}, _NSURLErrorFailingURLSessionTaskErrorKey=LocalDataTask <71D2C2AA-DFEF-411F-90EB-8B44B32F5DEA>.<2>, _NSURLErrorRelatedURLSessionTaskErrorKey=(
), NSLocalizedDescription=Could not connect to the server., NSErrorFailingURLStringKey=http://localhost:8787/health, NSErrorFailingURLKey=http://localhost:8787/health, _kCFStreamErrorDomainKey=1}
2026-10-06 14:46:57.331 E  Lensi[90072:37cfe] [com.apple.BoardServices:XPCErrors] non-launching port is incompatible with service identifier "com.apple.PointerUI.pointeruid.default-service"
2026-10-06 14:47:00.422 E  Lensi[90072:37f1b] [com.apple.e5rt:e5rt] E5RT encountered an STL exception. msg = On-device compilation within a VM only supports CPU currently..
2026-10-06 14:47:00.753 E  Lensi[90072:37f1b] [com.apple.Quagga:Inference] e5rt_e5_compiler_compile failed: (11): OPERATION ERROR
2026-10-06 14:47:00.759 E  Lensi[90072:37f1b] [com.apple.Quagga:Context] [PREFLIGHTING] context 0x129928240: failed to preflight ANMDModel, error: Error Domain=MRCErrorDomain Code=-6001 "Unable to compile network." UserInfo={NSDescription=Unable to compile network., MRCErrorE5RTErrorCodeKey=11, MRCErrorE5RTErrorCodeStringKey=OPERATION ERROR}
