<SBTransitionSwitcherModifierEvent: 0x120d56a00; type: MainTransition; transitionID: 47C3CD45-8F59-4B3E-BA99-FFB3EE79C9AF; phase: Prepare; animated: YES; fromAppLayout: 0x0; toAppLayout: <SBAppLayout: 0x118f7eed0; primary: com.vedantbhatt.lensi:default; environment: main>; fromEnvironmentMode: home-screen; toEnvironmentMode: application; fromSpaceConfiguration: undefined; toSpaceConfiguration: full; pendingTermination: {(
		    <SBTimerEventSwitcherEventResponse: 0x10cabb000; delay: 0.240000; reason: kSBTransitionModifierInvalidateAsyncRenderingReason>;
	    <SBTimerEventSwitcherEventResponse: 0x10caba550; delay: 0.060000; reason: kSBFullScreenToHomeCornerRadiusDelayReason>;
<SBTransitionSwitcherModifierEvent: 0x120d56a00; type: MainTransition; transitionID: 47C3CD45-8F59-4B3E-BA99-FFB3EE79C9AF; phase: Animate; animated: YES; fromAppLayout: 0x0; toAppLayout: <SBAppLayout: 0x118f7eed0; primary: com.vedantbhatt.lensi:default; environment: main>; fromEnvironmentMode: home-screen; toEnvironmentMode: application; fromSpaceConfiguration: undefined; toSpaceConfiguration: full; pendingTermination: {(
2026-10-06 14:45:18.448 Df SpringBoard[48422:1d574] [com.apple.UIKit:SceneDeactivation] [sceneID:com.vedantbhatt.lensi-default] Setting deactivation reasons to: '(none)' for reason: updateAllScenesForBand - Assertion removed.
<SBTransitionSwitcherModifierEvent: 0x120d56880; type: MainTransition; transitionID: 47C3CD45-8F59-4B3E-BA99-FFB3EE79C9AF; phase: Complete; animated: YES; fromAppLayout: 0x0; toAppLayout: <SBAppLayout: 0x118f7eed0; primary: com.vedantbhatt.lensi:default; environment: main>; fromEnvironmentMode: home-screen; toEnvironmentMode: application; fromSpaceConfiguration: undefined; toSpaceConfiguration: full; pendingTermination: {(
	<RBSLegacyAttribute| requestedReason:FinishTask reason:FinishTask flags:( PreventTaskSuspend )>,
2026-10-06 14:45:22.810 Df SpringBoard[48422:35b1d] [com.apple.FrontBoard:ProcessScene] [0x120d44a80:(FBSceneManager):sceneID:com.vedantbhatt.lensi-default] Sending scene action [Create Active][0xbd86] to process 0x120d54c00 (watchdog: 595.37s)
    [48422-38]; <keyboardFocus; 95CB632B-DC2B-4BF5-9AD8-F87566426EC1; <uq: 1; UIKit-localContainer>> -> <token: 0xE6680994; pid: 48422>; reason: …gin event deferring in keyboardFocus for window: 0x11493f800,
    [48422-2]; <system; 95CB632B-DC2B-4BF5-9AD8-F87566426EC1; SBMainSystemGestures> -> <token: 0x554F98E1; pid: 48422>; reason: systemGestureSymbol-95CB632B-DC2B-4BF5-9AD8-F87566426EC1,
    [48422-1]; <system; 95CB632B-DC2B-4BF5-9AD8-F87566426EC1> -> <token: 0x554F98E1; pid: 48422>; reason: systemGestures-95CB632B-DC2B-4BF5-9AD8-F87566426EC1,
    [48422-3]; <keyboardFocus; …oard.systemappservices/SSK.primary.root(mainDisplay):SB-main> -> <token: <uq: 1; UIKit-localContainer>; pid: 48422>; reason: UIKit-localContainer,
    [48422-39]; <keyboardFocus; …oard.systemappservices/SSK.primary.root(mainDisplay):SB-main> -> <token: …vices/FBSceneManager:sceneID%3Acom.vedantbhatt.lensi-default; pid: 87059>; reason: SB link
    [48422-3]; <keyboardFocus; com.apple.frontboard.systemappservices/SSK.primary.root(mainDisplay):SB-main> -> <token: <uq: 1; UIKit-localContainer>; pid: 48422>; reason: UIKit-localContainer,
    [48422-39]; <keyboardFocus; com.apple.frontboard.systemappservices/SSK.primary.root(mainDisplay):SB-main> -> <token: com.apple.frontboard.systemappservices/FBSceneManager:sceneID%3Acom.vedantbhatt.lensi-default; pid: 87059>; reason: SB link
    [48422-38]; <keyboardFocus; 95CB632B-DC2B-4BF5-9AD8-F87566426EC1; <uq: 1; UIKit-localContainer>> -> <token: 0xE6680994; pid: 48422>; reason: SBWindowScene: 0x10ca18c80: Begin event deferring in keyboardFocus for window: 0x11493f800,
    [48422-3]; <keyboardFocus; com.apple.frontboard.systemappservices/SSK.primary.root(mainDisplay):SB-main> -> <token: <uq: 1; UIKit-localContainer>; pid: 48422>; reason: UIKit-localContainer,
    [48422-39]; <keyboardFocus; com.apple.frontboard.systemappservices/SSK.primary.root(mainDisplay):SB-main> -> <token: com.apple.frontboard.systemappservices/FBSceneManager:sceneID%3Acom.vedantbhatt.lensi-default; pid: 87059>; reason: SB link
	<RBSDomainAttribute| domain:"com.apple.frontboard" name:"SuspendableLPRunReason-Suspend" sourceEnvironment:"(null)">,
	<RBSDomainAttribute| domain:"com.apple.frontboard" name:"SuspendableJetsamPriority-Active" sourceEnvironment:"(null)">,
2026-10-06 14:45:22.930 Df runningboardd[48426:34cf1] [com.apple.runningboard:ttl] Assertion 48426-48727-4933 (target:[app<com.vedantbhatt.lensi((null))>:87059]) will be created as inactive as originator process has not exited
	<RBSDomainAttribute| domain:"com.apple.frontboard" name:"SuspendableLPRunReason-Suspend" sourceEnvironment:"(null)">,
	<RBSDomainAttribute| domain:"com.apple.frontboard" name:"SuspendableJetsamPriority-Active" sourceEnvironment:"(null)">
2026-10-06 14:45:22.932 Df InputUI[48727:36172] [com.apple.FrontBoard:ProcessScene] [0x1068a0f00:com.apple.InputUI.keyboard:KeyboardInputScene-com.apple.frontboard.systemappservices/FBSceneManager:sceneID%3Acom.vedantbhatt.lensi-default] Sending scene action [Create Inactive][0x50c4] to process 0x103e66700 (watchdog: none)
    [87059-2]; <keyboardFocus; 95CB632B-DC2B-4BF5-9AD8-F87566426EC1; <uq: 1; UIKit-localContainer>> -> <token: 0xF52645E6; pid: 87059>; reason: …gin event deferring in keyboardFocus for window: 0x107a24000,
    [87059-1]; <keyboardFocus; …vices/FBSceneManager:sceneID%3Acom.vedantbhatt.lensi-default> -> <token: <uq: 1; UIKit-localContainer>; pid: 87059>; reason: UIKit-localContainer
2026-10-06 14:45:22.999 Df backboardd[48448:35d04] [com.apple.BackBoard:EventDelivery] [<keyboardFocus; builtin> 0x107e10000] setRules:forPID(87059) generation: 240: [[87059-1]; <keyboardFocus; com.apple.frontboard.systemappservices/FBSceneManager:sceneID%3Acom.vedantbhatt.lensi-default> -> <token: <uq: 1; UIKit-localContainer>; pid: 87059>; reason: UIKit-localContainer]
    [87059-2]; <keyboardFocus; 95CB632B-DC2B-4BF5-9AD8-F87566426EC1; <uq: 1; UIKit-localContainer>> -> <token: 0xF52645E6; pid: 87059>; reason: UIWindowScene: 0x107b24000: Begin event deferring in keyboardFocus for window: 0x107a24000,
    [87059-1]; <keyboardFocus; com.apple.frontboard.systemappservices/FBSceneManager:sceneID%3Acom.vedantbhatt.lensi-default> -> <token: <uq: 1; UIKit-localContainer>; pid: 87059>; reason: UIKit-localContainer
2026-10-06 14:45:23.037 Df SpringBoard[48422:1d574] [com.apple.SpringBoard:KeyboardFocus] [coordinator] userFocusRequestForScene: requesting target <environment: keyboardFocus; target: <token: com.apple.frontboard.systemappservices/FBSceneManager:sceneID%3Acom.vedantbhatt.lensi-default; pid: 87059>> for reason:inflexible windowing app is foreground
2026-10-06 14:45:23.045 Df SpringBoard[48422:1d574] [com.apple.SpringBoard:HostedScenePolicy] Hosting assertion requested for sceneID:com.vedantbhatt.lensi-default (valid: YES) with policy Default, reason: SBSwitcherController
2026-10-06 14:45:23.073 Df backboardd[48448:35d04] [com.apple.BackBoard:EventDelivery] [<keyboardFocus> 0x107e100e0] changeSelectionPath(primary) reason:selectionChange requestingPID:(48422) toNode:<[48422-39]; <keyboardFocus; com.apple.frontboard.systemappservices/SSK.primary.root(mainDisplay):SB-main> -> <token: com.apple.frontboard.systemappservices/FBSceneManager:sceneID%3Acom.vedantbhatt.lensi-default; pid: 87059>; SB link>
2026-10-06 14:45:23.075 Df backboardd[48448:35d04] [com.apple.BackBoard:EventDelivery] [<keyboardFocus> 0x107e100e0] changeSelectionPath(primary) reason:selectionChange  -> success generation: 241 -- <[48422-39]; <keyboardFocus; com.apple.frontboard.systemappservices/SSK.primary.root(mainDisplay):SB-main> -> <token: com.apple.frontboard.systemappservices/FBSceneManager:sceneID%3Acom.vedantbhatt.lensi-default; pid: 87059>; SB link>
2026-10-06 14:45:23.144 Df backboardd[48448:35d04] [com.apple.BackBoard:EventDelivery] [<keyboardFocus; builtin> 0x107e10000] changeSelectionPath(primary) reason:selectionChange requestingPID:(48422) toNode:<[48422-39]; <keyboardFocus; com.apple.frontboard.systemappservices/SSK.primary.root(mainDisplay):SB-main> -> <token: com.apple.frontboard.systemappservices/FBSceneManager:sceneID%3Acom.vedantbhatt.lensi-default; pid: 87059>; SB link>
2026-10-06 14:45:23.144 Df backboardd[48448:35d04] [com.apple.BackBoard:EventDelivery] [<keyboardFocus; builtin> 0x107e10000] changeSelectionPath(primary) reason:selectionChange  -> success generation: 241 -- <[48422-39]; <keyboardFocus; com.apple.frontboard.systemappservices/SSK.primary.root(mainDisplay):SB-main> -> <token: com.apple.frontboard.systemappservices/FBSceneManager:sceneID%3Acom.vedantbhatt.lensi-default; pid: 87059>; SB link>
 invalidReason: expired. expirationDate: 2026-10-06 14:45:20 +0000; how long ago (seconds): 6.137545
2026-10-06 14:45:26.890 Df SpringBoard[48422:2bdf5] [com.apple.SplashBoard:FileManifest] <XBApplicationSnapshotManifestImpl: 0x10ce92d80> [com.vedantbhatt.lensi] Deleting snapshot <XBApplicationSnapshot: 0x120343800; …C3415A6A7B57> [com.vedantbhatt.lensi] for reason: _contentType: SceneContent(0)
2026-10-06 14:46:23.753 Df CoreSimulatorBridge[48458:294df] [com.apple.FrontBoard:Common] FBSSystemAppProxy: Sending request to terminate application com.vedantbhatt.lensi
2026-10-06 14:46:23.754 Df SpringBoard[48422:37314] [com.apple.FrontBoard:Common] [FBSystemService] Request received from CoreSimulatorBr.48458 to terminate application com.vedantbhatt.lensi: "Termination requested by simulator host"
2026-10-06 14:46:23.754 Df SpringBoard[48422:37314] [com.apple.FrontBoard:Process] [app<com.vedantbhatt.lensi>:87059] SpringBoard requested termination ("Termination requested by simulator host")
2026-10-06 14:46:23.754 Df SpringBoard[48422:37314] [com.apple.FrontBoard:Process] [app<com.vedantbhatt.lensi>:87059] Now flagged as pending exit for reason: explicit kill request from client
2026-10-06 14:46:23.755 Df SpringBoard[48422:37314] [com.apple.FrontBoard:Process] [app<com.vedantbhatt.lensi>:87059] Received termination request: <FBSProcessTerminationRequest: 0x1203a5380; label: "Termination requested by simulator host"; exceptionCode: "Force Quit (0xFBFBFBFB)"; reportType: (none); explanation: "Termination requested by simulator host">
2026-10-06 14:46:23.755 Df SpringBoard[48422:37314] [com.apple.FrontBoard:Process] [app<com.vedantbhatt.lensi>:87059] Executing termination request: <FBSProcessTerminationRequest: 0x1203a6f00; label: "Termination requested by simulator host"; exceptionCode: "Force Quit (0xFBFBFBFB)"; reportType: (none); explanation: "Termination requested by simulator host">
2026-10-06 14:46:23.757 Df runningboardd[48426:372ac] [com.apple.runningboard:connection] Received termination request from [osservice<com.apple.SpringBoard>:48422] on <RBSProcessPredicate <RBSProcessHandlePredicateImpl| app<com.vedantbhatt.lensi((null))>:87059>> with context <RBSTerminateContext| domain:10 code:0xFBFBFBFB explanation:Termination requested by simulator host
ProcessState: Running reportType:None maxTerminationResistance:Interactive>
2026-10-06 14:46:23.757 Df runningboardd[48426:372ac] [com.apple.runningboard:process] Executing termination request for: <RBSProcessPredicate <RBSProcessHandlePredicateImpl| app<com.vedantbhatt.lensi((null))>:87059>>
2026-10-06 14:46:23.758 Df runningboardd[48426:372ac] [com.apple.runningboard:process] [app<com.vedantbhatt.lensi((null))>:87059] Terminating with context: <RBSTerminateContext| domain:10 code:0xFBFBFBFB explanation:Termination requested by simulator host
ProcessState: Running reportType:None maxTerminationResistance:Interactive>
2026-10-06 14:46:23.758 Df runningboardd[48426:372ac] [com.apple.runningboard:process] [app<com.vedantbhatt.lensi((null))>:87059] terminate_with_reason() success
2026-10-06 14:46:23.761 Df InputUI[48727:37482] [com.apple.FrontBoard:Process] [app<com.vedantbhatt.lensi>:87059] Now flagged as pending exit for reason: workspace client connection invalidated
2026-10-06 14:46:23.822 Df runningboardd[48426:372aa] [com.apple.runningboard:ttl] [app<com.vedantbhatt.lensi((null))>:87059] termination reported by launchd (10, 4227595259, 9)
2026-10-06 14:46:23.825 Df runningboardd[48426:372aa] [com.apple.runningboard:process] Removing assertions for terminated process: [app<com.vedantbhatt.lensi((null))>:87059]
2026-10-06 14:46:23.827 Df runningboardd[48426:372ab] [com.apple.runningboard:process] Notifying connection [osservice<com.apple.SpringBoard>:48422] that process [app<com.vedantbhatt.lensi((null))>:87059] exited with context <RBSProcessExitContext| specific, status:<RBSProcessExitStatus| domain:frontboard(10) code:force-quit(0xfbfbfbfb)>>
2026-10-06 14:46:23.828 Df runningboardd[48426:372ab] [com.apple.runningboard:process] Notifying connection [osservice<com.apple.InputUI>:48727] that process [app<com.vedantbhatt.lensi((null))>:87059] exited with context <RBSProcessExitContext| specific, status:<RBSProcessExitStatus| domain:frontboard(10) code:force-quit(0xfbfbfbfb)>>
2026-10-06 14:46:23.828 Df SpringBoard[48422:37314] [com.apple.FrontBoard:Process] [app<com.vedantbhatt.lensi>:87059] Process exited: <RBSProcessExitContext| specific, status:<RBSProcessExitStatus| domain:frontboard(10) code:force-quit(0xfbfbfbfb)>>.
2026-10-06 14:46:23.828 Df InputUI[48727:37483] [com.apple.FrontBoard:Process] [app<com.vedantbhatt.lensi>:87059] Process exited: <RBSProcessExitContext| specific, status:<RBSProcessExitStatus| domain:frontboard(10) code:force-quit(0xfbfbfbfb)>>.
2026-10-06 14:46:23.830 Df SpringBoard[48422:1d574] [com.apple.SpringBoard:Workspace] Process exited: <FBApplicationProcess: 0x120d54c00; app<com.vedantbhatt.lensi>:87059(v2B3BB)> -> <RBSProcessExitContext| specific, status:<RBSProcessExitStatus| domain:frontboard(10) code:force-quit(0xfbfbfbfb)>>
2026-10-06 14:46:23.838 Df locationd[48452:2a4bb] [com.apple.locationd.Core:Core] {"msg":"RBS #dic AppMonitor received Termination", "pid":87059, "bundleId":com.vedantbhatt.lensi, "isUserKill":0}
2026-10-06 14:46:23.838 Df locationd[48452:2a4bb] [com.apple.locationd.Core:Core] {"msg":"RBS #AppMonitor Post Application State Change Notification", "notification":Terminated, "pid":87059, "bundleId":com.vedantbhatt.lensi}
2026-10-06 14:46:23.839 Df locationd[48452:2a4bb] [com.apple.locationd.Core:Core] {"msg":"#CLIUA Marking change", "clientKey":icom.vedantbhatt.lensi:, "reason":Process state from RunningBoard, "AssertionLevel":5, "coming":0}
	<RBSDomainAttribute| domain:"com.apple.frontboard" name:"SuspendableLPRunReason-Resume" sourceEnvironment:"(null)">,
	<RBSDomainAttribute| domain:"com.apple.frontboard" name:"SuspendableJetsamPriority-Foreground" sourceEnvironment:"(null)">,
2026-10-06 14:46:26.514 E  runningboardd[48426:30ce6] [com.apple.runningboard:assertion] Multiple RBSRunningReasonAttribute provided: 10000 vs 20838. First one wins, but client should be fixed for assertion 48426-48422-4957 (target:app<com.vedantbhatt.lensi((null))>)
	"EnablePressuredExit" => <bool: 0x222423a90>: false
	"ExitTimeOut" => <int64: 0xa5bdd3715b05105f>: 1
 invalidReason: expired. expirationDate: 0001-01-01 00:00:00 +0000; how long ago (seconds): 63927067586.523125
2026-10-06 14:46:26.523 Df SpringBoard[48422:37490] [com.apple.SplashBoard:FileManifest] <XBApplicationSnapshotManifestImpl: 0x10ce92d80> [com.vedantbhatt.lensi] Deleting snapshot <XBApplicationSnapshot: 0x116d71180; …C464BD7EFE23> [com.vedantbhatt.lensi] for reason: _contentType: GeneratedDefault(1)
 <RBJetsamProperties| tasklimit=0
2026-10-06 14:46:26.568 Df locationd[48452:2a4bb] [com.apple.locationd.Core:Core] {"msg":"#CLIUA Marking change", "clientKey":icom.vedantbhatt.lensi:, "reason":Process state from RunningBoard, "AssertionLevel":5, "coming":1}
2026-10-06 14:46:26.579 Df SpringBoard[48422:1d574] [com.apple.SpringBoard:AppProtection] <BSCompoundAssertion:0x118eec640> (SBApplicationAppProtectionAssistant: 0x120275000 - com.vedantbhatt.lensi) acquire for reason:NULL scene acq:0x10caa0980 count:1
2026-10-06 14:46:26.594 Df SpringBoard[48422:1d574] [com.apple.UIKit:SceneDeactivation] [sceneID:com.vedantbhatt.lensi-default] Setting deactivation reasons to: 'systemAnimation' for reason: scene settings update - settings are eligible for deactivation reasons.
2026-10-06 14:46:26.594 Df runningboardd[48426:3748e] [com.apple.runningboard:ttl] Assertion 48426-48422-4959 (target:[app<com.vedantbhatt.lensi((null))>:89286]) will be created as inactive as originator process has not exited
	<RBSDomainAttribute| domain:"com.apple.frontboard" name:"SuspendableLPRunReason-Resume" sourceEnvironment:"(null)">,
	<RBSDomainAttribute| domain:"com.apple.frontboard" name:"SuspendableJetsamPriority-Foreground" sourceEnvironment:"(null)">
<SBTransitionSwitcherModifierEvent: 0x120d57000; type: MainTransition; transitionID: C22F9AAD-67C1-47C4-AE47-94C9A9FAED7A; phase: Prepare; animated: YES; fromAppLayout: 0x0; toAppLayout: <SBAppLayout: 0x118f7eed0; primary: com.vedantbhatt.lensi:default; environment: main>; fromEnvironmentMode: home-screen; toEnvironmentMode: application; fromSpaceConfiguration: undefined; toSpaceConfiguration: full; pendingTermination: {(
		    <SBTimerEventSwitcherEventResponse: 0x116ff5a10; delay: 0.240000; reason: kSBTransitionModifierInvalidateAsyncRenderingReason>;
	    <SBTimerEventSwitcherEventResponse: 0x10ce437b0; delay: 0.060000; reason: kSBFullScreenToHomeCornerRadiusDelayReason>;
<SBTransitionSwitcherModifierEvent: 0x109ea7480; type: MainTransition; transitionID: C22F9AAD-67C1-47C4-AE47-94C9A9FAED7A; phase: Animate; animated: YES; fromAppLayout: 0x0; toAppLayout: <SBAppLayout: 0x118f7eed0; primary: com.vedantbhatt.lensi:default; environment: main>; fromEnvironmentMode: home-screen; toEnvironmentMode: application; fromSpaceConfiguration: undefined; toSpaceConfiguration: full; pendingTermination: {(
2026-10-06 14:46:26.859 Df SpringBoard[48422:1d574] [com.apple.UIKit:SceneDeactivation] [sceneID:com.vedantbhatt.lensi-default] Setting deactivation reasons to: '(none)' for reason: updateAllScenesForBand - Assertion removed.
<SBTransitionSwitcherModifierEvent: 0x120d54c00; type: MainTransition; transitionID: C22F9AAD-67C1-47C4-AE47-94C9A9FAED7A; phase: Complete; animated: YES; fromAppLayout: 0x0; toAppLayout: <SBAppLayout: 0x118f7eed0; primary: com.vedantbhatt.lensi:default; environment: main>; fromEnvironmentMode: home-screen; toEnvironmentMode: application; fromSpaceConfiguration: undefined; toSpaceConfiguration: full; pendingTermination: {(
	<RBSLegacyAttribute| requestedReason:FinishTask reason:FinishTask flags:( PreventTaskSuspend )>,
2026-10-06 14:46:31.990 Df SpringBoard[48422:37316] [com.apple.FrontBoard:ProcessScene] [0x120906a00:(FBSceneManager):sceneID:com.vedantbhatt.lensi-default] Sending scene action [Create Active][0x3d75] to process 0x116fcb780 (watchdog: 594.57s)
    [48422-3B]; <keyboardFocus; 95CB632B-DC2B-4BF5-9AD8-F87566426EC1; <uq: 1; UIKit-localContainer>> -> <token: 0xE6680994; pid: 48422>; reason: …gin event deferring in keyboardFocus for window: 0x11493f800,
    [48422-2]; <system; 95CB632B-DC2B-4BF5-9AD8-F87566426EC1; SBMainSystemGestures> -> <token: 0x554F98E1; pid: 48422>; reason: systemGestureSymbol-95CB632B-DC2B-4BF5-9AD8-F87566426EC1,
    [48422-1]; <system; 95CB632B-DC2B-4BF5-9AD8-F87566426EC1> -> <token: 0x554F98E1; pid: 48422>; reason: systemGestures-95CB632B-DC2B-4BF5-9AD8-F87566426EC1,
    [48422-3]; <keyboardFocus; …oard.systemappservices/SSK.primary.root(mainDisplay):SB-main> -> <token: <uq: 1; UIKit-localContainer>; pid: 48422>; reason: UIKit-localContainer,
    [48422-3C]; <keyboardFocus; …oard.systemappservices/SSK.primary.root(mainDisplay):SB-main> -> <token: …vices/FBSceneManager:sceneID%3Acom.vedantbhatt.lensi-default; pid: 89286>; reason: SB link
    [48422-3]; <keyboardFocus; com.apple.frontboard.systemappservices/SSK.primary.root(mainDisplay):SB-main> -> <token: <uq: 1; UIKit-localContainer>; pid: 48422>; reason: UIKit-localContainer,
    [48422-3C]; <keyboardFocus; com.apple.frontboard.systemappservices/SSK.primary.root(mainDisplay):SB-main> -> <token: com.apple.frontboard.systemappservices/FBSceneManager:sceneID%3Acom.vedantbhatt.lensi-default; pid: 89286>; reason: SB link
    [48422-3B]; <keyboardFocus; 95CB632B-DC2B-4BF5-9AD8-F87566426EC1; <uq: 1; UIKit-localContainer>> -> <token: 0xE6680994; pid: 48422>; reason: SBWindowScene: 0x10ca18c80: Begin event deferring in keyboardFocus for window: 0x11493f800,
    [48422-3]; <keyboardFocus; com.apple.frontboard.systemappservices/SSK.primary.root(mainDisplay):SB-main> -> <token: <uq: 1; UIKit-localContainer>; pid: 48422>; reason: UIKit-localContainer,
    [48422-3C]; <keyboardFocus; com.apple.frontboard.systemappservices/SSK.primary.root(mainDisplay):SB-main> -> <token: com.apple.frontboard.systemappservices/FBSceneManager:sceneID%3Acom.vedantbhatt.lensi-default; pid: 89286>; reason: SB link
	<RBSDomainAttribute| domain:"com.apple.frontboard" name:"SuspendableLPRunReason-Suspend" sourceEnvironment:"(null)">,
	<RBSDomainAttribute| domain:"com.apple.frontboard" name:"SuspendableJetsamPriority-Active" sourceEnvironment:"(null)">,
2026-10-06 14:46:32.171 Df runningboardd[48426:372aa] [com.apple.runningboard:ttl] Assertion 48426-48727-4974 (target:[app<com.vedantbhatt.lensi((null))>:89286]) will be created as inactive as originator process has not exited
	<RBSDomainAttribute| domain:"com.apple.frontboard" name:"SuspendableLPRunReason-Suspend" sourceEnvironment:"(null)">,
	<RBSDomainAttribute| domain:"com.apple.frontboard" name:"SuspendableJetsamPriority-Active" sourceEnvironment:"(null)">
2026-10-06 14:46:32.174 Df InputUI[48727:378b2] [com.apple.FrontBoard:ProcessScene] [0x1068a1080:com.apple.InputUI.keyboard:KeyboardInputScene-com.apple.frontboard.systemappservices/FBSceneManager:sceneID%3Acom.vedantbhatt.lensi-default] Sending scene action [Create Inactive][0xed88] to process 0x103e65f80 (watchdog: none)
    [89286-2]; <keyboardFocus; 95CB632B-DC2B-4BF5-9AD8-F87566426EC1; <uq: 1; UIKit-localContainer>> -> <token: 0xA191AEB7; pid: 89286>; reason: …gin event deferring in keyboardFocus for window: 0x106630000,
    [89286-1]; <keyboardFocus; …vices/FBSceneManager:sceneID%3Acom.vedantbhatt.lensi-default> -> <token: <uq: 1; UIKit-localContainer>; pid: 89286>; reason: UIKit-localContainer
2026-10-06 14:46:32.207 Df backboardd[48448:31066] [com.apple.BackBoard:EventDelivery] [<keyboardFocus; builtin> 0x107e10000] setRules:forPID(89286) generation: 249: [[89286-1]; <keyboardFocus; com.apple.frontboard.systemappservices/FBSceneManager:sceneID%3Acom.vedantbhatt.lensi-default> -> <token: <uq: 1; UIKit-localContainer>; pid: 89286>; reason: UIKit-localContainer]
    [89286-2]; <keyboardFocus; 95CB632B-DC2B-4BF5-9AD8-F87566426EC1; <uq: 1; UIKit-localContainer>> -> <token: 0xA191AEB7; pid: 89286>; reason: UIWindowScene: 0x1066b4780: Begin event deferring in keyboardFocus for window: 0x106630000,
    [89286-1]; <keyboardFocus; com.apple.frontboard.systemappservices/FBSceneManager:sceneID%3Acom.vedantbhatt.lensi-default> -> <token: <uq: 1; UIKit-localContainer>; pid: 89286>; reason: UIKit-localContainer
2026-10-06 14:46:32.245 Df SpringBoard[48422:1d574] [com.apple.SpringBoard:KeyboardFocus] [coordinator] userFocusRequestForScene: requesting target <environment: keyboardFocus; target: <token: com.apple.frontboard.systemappservices/FBSceneManager:sceneID%3Acom.vedantbhatt.lensi-default; pid: 89286>> for reason:inflexible windowing app is foreground
2026-10-06 14:46:32.251 Df SpringBoard[48422:1d574] [com.apple.SpringBoard:HostedScenePolicy] Hosting assertion requested for sceneID:com.vedantbhatt.lensi-default (valid: YES) with policy Default, reason: SBSwitcherController
2026-10-06 14:46:32.320 Df backboardd[48448:35d04] [com.apple.BackBoard:EventDelivery] [<keyboardFocus> 0x107e100e0] changeSelectionPath(primary) reason:selectionChange requestingPID:(48422) toNode:<[48422-3C]; <keyboardFocus; com.apple.frontboard.systemappservices/SSK.primary.root(mainDisplay):SB-main> -> <token: com.apple.frontboard.systemappservices/FBSceneManager:sceneID%3Acom.vedantbhatt.lensi-default; pid: 89286>; SB link>
2026-10-06 14:46:32.321 Df backboardd[48448:35d04] [com.apple.BackBoard:EventDelivery] [<keyboardFocus> 0x107e100e0] changeSelectionPath(primary) reason:selectionChange  -> success generation: 250 -- <[48422-3C]; <keyboardFocus; com.apple.frontboard.systemappservices/SSK.primary.root(mainDisplay):SB-main> -> <token: com.apple.frontboard.systemappservices/FBSceneManager:sceneID%3Acom.vedantbhatt.lensi-default; pid: 89286>; SB link>
2026-10-06 14:46:32.325 Df backboardd[48448:35d04] [com.apple.BackBoard:EventDelivery] [<keyboardFocus; builtin> 0x107e10000] changeSelectionPath(primary) reason:selectionChange requestingPID:(48422) toNode:<[48422-3C]; <keyboardFocus; com.apple.frontboard.systemappservices/SSK.primary.root(mainDisplay):SB-main> -> <token: com.apple.frontboard.systemappservices/FBSceneManager:sceneID%3Acom.vedantbhatt.lensi-default; pid: 89286>; SB link>
2026-10-06 14:46:32.325 Df backboardd[48448:35d04] [com.apple.BackBoard:EventDelivery] [<keyboardFocus; builtin> 0x107e10000] changeSelectionPath(primary) reason:selectionChange  -> success generation: 250 -- <[48422-3C]; <keyboardFocus; com.apple.frontboard.systemappservices/SSK.primary.root(mainDisplay):SB-main> -> <token: com.apple.frontboard.systemappservices/FBSceneManager:sceneID%3Acom.vedantbhatt.lensi-default; pid: 89286>; SB link>
 invalidReason: expired. expirationDate: 2026-10-06 14:46:28 +0000; how long ago (seconds): 6.117067
2026-10-06 14:46:35.051 Df SpringBoard[48422:37316] [com.apple.SplashBoard:FileManifest] <XBApplicationSnapshotManifestImpl: 0x10ce92d80> [com.vedantbhatt.lensi] Deleting snapshot <XBApplicationSnapshot: 0x118e45a40; …1F5ABA80C87B> [com.vedantbhatt.lensi] for reason: _contentType: SceneContent(0)
2026-10-06 14:46:45.698 Df CoreSimulatorBridge[48458:294df] [com.apple.FrontBoard:Common] FBSSystemAppProxy: Sending request to terminate application com.vedantbhatt.lensi
2026-10-06 14:46:45.698 Df SpringBoard[48422:372b6] [com.apple.FrontBoard:Common] [FBSystemService] Request received from CoreSimulatorBr.48458 to terminate application com.vedantbhatt.lensi: "Termination requested by simulator host"
2026-10-06 14:46:45.699 Df SpringBoard[48422:372b6] [com.apple.FrontBoard:Process] [app<com.vedantbhatt.lensi>:89286] SpringBoard requested termination ("Termination requested by simulator host")
2026-10-06 14:46:45.699 Df SpringBoard[48422:372b6] [com.apple.FrontBoard:Process] [app<com.vedantbhatt.lensi>:89286] Now flagged as pending exit for reason: explicit kill request from client
2026-10-06 14:46:45.699 Df SpringBoard[48422:372b6] [com.apple.FrontBoard:Process] [app<com.vedantbhatt.lensi>:89286] Received termination request: <FBSProcessTerminationRequest: 0x1203a7380; label: "Termination requested by simulator host"; exceptionCode: "Force Quit (0xFBFBFBFB)"; reportType: (none); explanation: "Termination requested by simulator host">
2026-10-06 14:46:45.699 Df SpringBoard[48422:372b6] [com.apple.FrontBoard:Process] [app<com.vedantbhatt.lensi>:89286] Executing termination request: <FBSProcessTerminationRequest: 0x1203a6180; label: "Termination requested by simulator host"; exceptionCode: "Force Quit (0xFBFBFBFB)"; reportType: (none); explanation: "Termination requested by simulator host">
2026-10-06 14:46:45.700 Df runningboardd[48426:372ab] [com.apple.runningboard:connection] Received termination request from [osservice<com.apple.SpringBoard>:48422] on <RBSProcessPredicate <RBSProcessHandlePredicateImpl| app<com.vedantbhatt.lensi((null))>:89286>> with context <RBSTerminateContext| domain:10 code:0xFBFBFBFB explanation:Termination requested by simulator host
ProcessState: Running reportType:None maxTerminationResistance:Interactive>
2026-10-06 14:46:45.700 Df runningboardd[48426:372ab] [com.apple.runningboard:process] Executing termination request for: <RBSProcessPredicate <RBSProcessHandlePredicateImpl| app<com.vedantbhatt.lensi((null))>:89286>>
2026-10-06 14:46:45.700 Df runningboardd[48426:372ab] [com.apple.runningboard:process] [app<com.vedantbhatt.lensi((null))>:89286] Terminating with context: <RBSTerminateContext| domain:10 code:0xFBFBFBFB explanation:Termination requested by simulator host
ProcessState: Running reportType:None maxTerminationResistance:Interactive>
2026-10-06 14:46:45.700 Df runningboardd[48426:372ab] [com.apple.runningboard:process] [app<com.vedantbhatt.lensi((null))>:89286] terminate_with_reason() success
2026-10-06 14:46:45.701 Df InputUI[48727:37cbb] [com.apple.FrontBoard:Process] [app<com.vedantbhatt.lensi>:89286] Now flagged as pending exit for reason: workspace client connection invalidated
2026-10-06 14:46:45.727 Df runningboardd[48426:372aa] [com.apple.runningboard:ttl] [app<com.vedantbhatt.lensi((null))>:89286] termination reported by launchd (10, 4227595259, 9)
2026-10-06 14:46:45.729 Df runningboardd[48426:372aa] [com.apple.runningboard:process] Removing assertions for terminated process: [app<com.vedantbhatt.lensi((null))>:89286]
2026-10-06 14:46:45.731 Df runningboardd[48426:3748e] [com.apple.runningboard:process] Notifying connection [osservice<com.apple.SpringBoard>:48422] that process [app<com.vedantbhatt.lensi((null))>:89286] exited with context <RBSProcessExitContext| specific, status:<RBSProcessExitStatus| domain:frontboard(10) code:force-quit(0xfbfbfbfb)>>
2026-10-06 14:46:45.732 Df runningboardd[48426:3748e] [com.apple.runningboard:process] Notifying connection [osservice<com.apple.InputUI>:48727] that process [app<com.vedantbhatt.lensi((null))>:89286] exited with context <RBSProcessExitContext| specific, status:<RBSProcessExitStatus| domain:frontboard(10) code:force-quit(0xfbfbfbfb)>>
2026-10-06 14:46:45.732 Df SpringBoard[48422:372b6] [com.apple.FrontBoard:Process] [app<com.vedantbhatt.lensi>:89286] Process exited: <RBSProcessExitContext| specific, status:<RBSProcessExitStatus| domain:frontboard(10) code:force-quit(0xfbfbfbfb)>>.
48426-48422-4977: invalidation reason: 1
48426-48422-4960: invalidation reason: 1
48426-48422-4959: invalidation reason: 1">
2026-10-06 14:46:45.733 Df InputUI[48727:37cbd] [com.apple.FrontBoard:Process] [app<com.vedantbhatt.lensi>:89286] Process exited: <RBSProcessExitContext| specific, status:<RBSProcessExitStatus| domain:frontboard(10) code:force-quit(0xfbfbfbfb)>>.
2026-10-06 14:46:45.733 Df SpringBoard[48422:1d574] [com.apple.SpringBoard:Workspace] Process exited: <FBApplicationProcess: 0x116fcb780; app<com.vedantbhatt.lensi>:89286(v2C5A8)> -> <RBSProcessExitContext| specific, status:<RBSProcessExitStatus| domain:frontboard(10) code:force-quit(0xfbfbfbfb)>>
2026-10-06 14:46:45.737 Df locationd[48452:2a4bb] [com.apple.locationd.Core:Core] {"msg":"RBS #dic AppMonitor received Termination", "pid":89286, "bundleId":com.vedantbhatt.lensi, "isUserKill":0}
2026-10-06 14:46:45.737 Df locationd[48452:2a4bb] [com.apple.locationd.Core:Core] {"msg":"RBS #AppMonitor Post Application State Change Notification", "notification":Terminated, "pid":89286, "bundleId":com.vedantbhatt.lensi}
2026-10-06 14:46:45.737 Df locationd[48452:2a4bb] [com.apple.locationd.Core:Core] {"msg":"#CLIUA Marking change", "clientKey":icom.vedantbhatt.lensi:, "reason":Process state from RunningBoard, "AssertionLevel":5, "coming":0}
	<RBSDomainAttribute| domain:"com.apple.frontboard" name:"SuspendableLPRunReason-Resume" sourceEnvironment:"(null)">,
	<RBSDomainAttribute| domain:"com.apple.frontboard" name:"SuspendableJetsamPriority-Foreground" sourceEnvironment:"(null)">,
2026-10-06 14:46:47.365 E  runningboardd[48426:37ccc] [com.apple.runningboard:assertion] Multiple RBSRunningReasonAttribute provided: 10000 vs 20838. First one wins, but client should be fixed for assertion 48426-48422-5008 (target:app<com.vedantbhatt.lensi((null))>)
	"EnablePressuredExit" => <bool: 0x222423a90>: false
	"ExitTimeOut" => <int64: 0xa5bdd3715b05105f>: 1
 invalidReason: expired. expirationDate: 0001-01-01 00:00:00 +0000; how long ago (seconds): 63927067607.372864
2026-10-06 14:46:47.372 Df SpringBoard[48422:37cc2] [com.apple.SplashBoard:FileManifest] <XBApplicationSnapshotManifestImpl: 0x10ce92d80> [com.vedantbhatt.lensi] Deleting snapshot <XBApplicationSnapshot: 0x120340000; …C4190300C1EB> [com.vedantbhatt.lensi] for reason: _contentType: GeneratedDefault(1)
 <RBJetsamProperties| tasklimit=0
2026-10-06 14:46:47.401 Df locationd[48452:2a4bb] [com.apple.locationd.Core:Core] {"msg":"#CLIUA Marking change", "clientKey":icom.vedantbhatt.lensi:, "reason":Process state from RunningBoard, "AssertionLevel":5, "coming":1}
2026-10-06 14:46:47.411 Df SpringBoard[48422:1d574] [com.apple.SpringBoard:AppProtection] <BSCompoundAssertion:0x118eec640> (SBApplicationAppProtectionAssistant: 0x120275000 - com.vedantbhatt.lensi) acquire for reason:NULL scene acq:0x120d5ea00 count:1
2026-10-06 14:46:47.417 Df SpringBoard[48422:1d574] [com.apple.UIKit:SceneDeactivation] [sceneID:com.vedantbhatt.lensi-default] Setting deactivation reasons to: 'systemAnimation' for reason: scene settings update - settings are eligible for deactivation reasons.
2026-10-06 14:46:47.418 Df runningboardd[48426:37ccc] [com.apple.runningboard:ttl] Assertion 48426-48422-5010 (target:[app<com.vedantbhatt.lensi((null))>:90072]) will be created as inactive as originator process has not exited
	<RBSDomainAttribute| domain:"com.apple.frontboard" name:"SuspendableLPRunReason-Resume" sourceEnvironment:"(null)">,
	<RBSDomainAttribute| domain:"com.apple.frontboard" name:"SuspendableJetsamPriority-Foreground" sourceEnvironment:"(null)">
<SBTransitionSwitcherModifierEvent: 0x116fcb600; type: MainTransition; transitionID: C8ADEDE8-80F6-447C-962B-45FA19F3C0C4; phase: Prepare; animated: YES; fromAppLayout: 0x0; toAppLayout: <SBAppLayout: 0x118f7eed0; primary: com.vedantbhatt.lensi:default; environment: main>; fromEnvironmentMode: home-screen; toEnvironmentMode: application; fromSpaceConfiguration: undefined; toSpaceConfiguration: full; pendingTermination: {(
		    <SBTimerEventSwitcherEventResponse: 0x10c7db2a0; delay: 0.240000; reason: kSBTransitionModifierInvalidateAsyncRenderingReason>;
	    <SBTimerEventSwitcherEventResponse: 0x10c7d96e0; delay: 0.060000; reason: kSBFullScreenToHomeCornerRadiusDelayReason>;
<SBTransitionSwitcherModifierEvent: 0x116fcb600; type: MainTransition; transitionID: C8ADEDE8-80F6-447C-962B-45FA19F3C0C4; phase: Animate; animated: YES; fromAppLayout: 0x0; toAppLayout: <SBAppLayout: 0x118f7eed0; primary: com.vedantbhatt.lensi:default; environment: main>; fromEnvironmentMode: home-screen; toEnvironmentMode: application; fromSpaceConfiguration: undefined; toSpaceConfiguration: full; pendingTermination: {(
2026-10-06 14:46:47.668 Df SpringBoard[48422:1d574] [com.apple.UIKit:SceneDeactivation] [sceneID:com.vedantbhatt.lensi-default] Setting deactivation reasons to: '(none)' for reason: updateAllScenesForBand - Assertion removed.
<SBTransitionSwitcherModifierEvent: 0x120d54c00; type: MainTransition; transitionID: C8ADEDE8-80F6-447C-962B-45FA19F3C0C4; phase: Complete; animated: YES; fromAppLayout: 0x0; toAppLayout: <SBAppLayout: 0x118f7eed0; primary: com.vedantbhatt.lensi:default; environment: main>; fromEnvironmentMode: home-screen; toEnvironmentMode: application; fromSpaceConfiguration: undefined; toSpaceConfiguration: full; pendingTermination: {(
	<RBSLegacyAttribute| requestedReason:FinishTask reason:FinishTask flags:( PreventTaskSuspend )>,
2026-10-06 14:46:51.854 Df SpringBoard[48422:372b6] [com.apple.FrontBoard:ProcessScene] [0x120904540:(FBSceneManager):sceneID:com.vedantbhatt.lensi-default] Sending scene action [Create Active][0xd444] to process 0x120d56d00 (watchdog: 595.54s)
    [48422-3E]; <keyboardFocus; 95CB632B-DC2B-4BF5-9AD8-F87566426EC1; <uq: 1; UIKit-localContainer>> -> <token: 0xE6680994; pid: 48422>; reason: …gin event deferring in keyboardFocus for window: 0x11493f800,
    [48422-2]; <system; 95CB632B-DC2B-4BF5-9AD8-F87566426EC1; SBMainSystemGestures> -> <token: 0x554F98E1; pid: 48422>; reason: systemGestureSymbol-95CB632B-DC2B-4BF5-9AD8-F87566426EC1,
    [48422-1]; <system; 95CB632B-DC2B-4BF5-9AD8-F87566426EC1> -> <token: 0x554F98E1; pid: 48422>; reason: systemGestures-95CB632B-DC2B-4BF5-9AD8-F87566426EC1,
    [48422-3]; <keyboardFocus; …oard.systemappservices/SSK.primary.root(mainDisplay):SB-main> -> <token: <uq: 1; UIKit-localContainer>; pid: 48422>; reason: UIKit-localContainer,
    [48422-3F]; <keyboardFocus; …oard.systemappservices/SSK.primary.root(mainDisplay):SB-main> -> <token: …vices/FBSceneManager:sceneID%3Acom.vedantbhatt.lensi-default; pid: 90072>; reason: SB link
    [48422-3]; <keyboardFocus; com.apple.frontboard.systemappservices/SSK.primary.root(mainDisplay):SB-main> -> <token: <uq: 1; UIKit-localContainer>; pid: 48422>; reason: UIKit-localContainer,
    [48422-3F]; <keyboardFocus; com.apple.frontboard.systemappservices/SSK.primary.root(mainDisplay):SB-main> -> <token: com.apple.frontboard.systemappservices/FBSceneManager:sceneID%3Acom.vedantbhatt.lensi-default; pid: 90072>; reason: SB link
    [48422-3E]; <keyboardFocus; 95CB632B-DC2B-4BF5-9AD8-F87566426EC1; <uq: 1; UIKit-localContainer>> -> <token: 0xE6680994; pid: 48422>; reason: SBWindowScene: 0x10ca18c80: Begin event deferring in keyboardFocus for window: 0x11493f800,
    [48422-3]; <keyboardFocus; com.apple.frontboard.systemappservices/SSK.primary.root(mainDisplay):SB-main> -> <token: <uq: 1; UIKit-localContainer>; pid: 48422>; reason: UIKit-localContainer,
    [48422-3F]; <keyboardFocus; com.apple.frontboard.systemappservices/SSK.primary.root(mainDisplay):SB-main> -> <token: com.apple.frontboard.systemappservices/FBSceneManager:sceneID%3Acom.vedantbhatt.lensi-default; pid: 90072>; reason: SB link
	<RBSDomainAttribute| domain:"com.apple.frontboard" name:"SuspendableLPRunReason-Suspend" sourceEnvironment:"(null)">,
	<RBSDomainAttribute| domain:"com.apple.frontboard" name:"SuspendableJetsamPriority-Active" sourceEnvironment:"(null)">,
2026-10-06 14:46:51.945 Df runningboardd[48426:375b9] [com.apple.runningboard:ttl] Assertion 48426-48727-5020 (target:[app<com.vedantbhatt.lensi((null))>:90072]) will be created as inactive as originator process has not exited
	<RBSDomainAttribute| domain:"com.apple.frontboard" name:"SuspendableLPRunReason-Suspend" sourceEnvironment:"(null)">,
	<RBSDomainAttribute| domain:"com.apple.frontboard" name:"SuspendableJetsamPriority-Active" sourceEnvironment:"(null)">
2026-10-06 14:46:51.946 Df InputUI[48727:37cbd] [com.apple.FrontBoard:ProcessScene] [0x1068a3cc0:com.apple.InputUI.keyboard:KeyboardInputScene-com.apple.frontboard.systemappservices/FBSceneManager:sceneID%3Acom.vedantbhatt.lensi-default] Sending scene action [Create Inactive][0x7337] to process 0x103e64600 (watchdog: none)
    [90072-2]; <keyboardFocus; 95CB632B-DC2B-4BF5-9AD8-F87566426EC1; <uq: 1; UIKit-localContainer>> -> <token: 0x62B1683D; pid: 90072>; reason: …gin event deferring in keyboardFocus for window: 0x105e28000,
    [90072-1]; <keyboardFocus; …vices/FBSceneManager:sceneID%3Acom.vedantbhatt.lensi-default> -> <token: <uq: 1; UIKit-localContainer>; pid: 90072>; reason: UIKit-localContainer
2026-10-06 14:46:51.973 Df backboardd[48448:3749c] [com.apple.BackBoard:EventDelivery] [<keyboardFocus; builtin> 0x107e10000] setRules:forPID(90072) generation: 258: [[90072-1]; <keyboardFocus; com.apple.frontboard.systemappservices/FBSceneManager:sceneID%3Acom.vedantbhatt.lensi-default> -> <token: <uq: 1; UIKit-localContainer>; pid: 90072>; reason: UIKit-localContainer]
    [90072-2]; <keyboardFocus; 95CB632B-DC2B-4BF5-9AD8-F87566426EC1; <uq: 1; UIKit-localContainer>> -> <token: 0x62B1683D; pid: 90072>; reason: UIWindowScene: 0x105f18280: Begin event deferring in keyboardFocus for window: 0x105e28000,
    [90072-1]; <keyboardFocus; com.apple.frontboard.systemappservices/FBSceneManager:sceneID%3Acom.vedantbhatt.lensi-default> -> <token: <uq: 1; UIKit-localContainer>; pid: 90072>; reason: UIKit-localContainer
2026-10-06 14:46:52.017 Df SpringBoard[48422:1d574] [com.apple.SpringBoard:KeyboardFocus] [coordinator] userFocusRequestForScene: requesting target <environment: keyboardFocus; target: <token: com.apple.frontboard.systemappservices/FBSceneManager:sceneID%3Acom.vedantbhatt.lensi-default; pid: 90072>> for reason:inflexible windowing app is foreground
2026-10-06 14:46:52.026 Df SpringBoard[48422:1d574] [com.apple.SpringBoard:HostedScenePolicy] Hosting assertion requested for sceneID:com.vedantbhatt.lensi-default (valid: YES) with policy Default, reason: SBSwitcherController
2026-10-06 14:46:52.050 Df backboardd[48448:30143] [com.apple.BackBoard:EventDelivery] [<keyboardFocus> 0x107e100e0] changeSelectionPath(primary) reason:selectionChange requestingPID:(48422) toNode:<[48422-3F]; <keyboardFocus; com.apple.frontboard.systemappservices/SSK.primary.root(mainDisplay):SB-main> -> <token: com.apple.frontboard.systemappservices/FBSceneManager:sceneID%3Acom.vedantbhatt.lensi-default; pid: 90072>; SB link>
2026-10-06 14:46:52.050 Df backboardd[48448:30143] [com.apple.BackBoard:EventDelivery] [<keyboardFocus> 0x107e100e0] changeSelectionPath(primary) reason:selectionChange  -> success generation: 259 -- <[48422-3F]; <keyboardFocus; com.apple.frontboard.systemappservices/SSK.primary.root(mainDisplay):SB-main> -> <token: com.apple.frontboard.systemappservices/FBSceneManager:sceneID%3Acom.vedantbhatt.lensi-default; pid: 90072>; SB link>
2026-10-06 14:46:52.050 Df backboardd[48448:30143] [com.apple.BackBoard:EventDelivery] [<keyboardFocus; builtin> 0x107e10000] changeSelectionPath(primary) reason:selectionChange requestingPID:(48422) toNode:<[48422-3F]; <keyboardFocus; com.apple.frontboard.systemappservices/SSK.primary.root(mainDisplay):SB-main> -> <token: com.apple.frontboard.systemappservices/FBSceneManager:sceneID%3Acom.vedantbhatt.lensi-default; pid: 90072>; SB link>
2026-10-06 14:46:52.050 Df backboardd[48448:30143] [com.apple.BackBoard:EventDelivery] [<keyboardFocus; builtin> 0x107e10000] changeSelectionPath(primary) reason:selectionChange  -> success generation: 259 -- <[48422-3F]; <keyboardFocus; com.apple.frontboard.systemappservices/SSK.primary.root(mainDisplay):SB-main> -> <token: com.apple.frontboard.systemappservices/FBSceneManager:sceneID%3Acom.vedantbhatt.lensi-default; pid: 90072>; SB link>
 invalidReason: expired. expirationDate: 2026-10-06 14:46:50 +0000; how long ago (seconds): 6.177692
2026-10-06 14:46:56.978 Df SpringBoard[48422:37cc1] [com.apple.SplashBoard:FileManifest] <XBApplicationSnapshotManifestImpl: 0x10ce92d80> [com.vedantbhatt.lensi] Deleting snapshot <XBApplicationSnapshot: 0x120335340; …625C0DAC31F5> [com.vedantbhatt.lensi] for reason: _contentType: SceneContent(0)
2026-10-06 14:47:47.647 Df SpringBoard[48422:1d574] [com.apple.UIKit:SceneDeactivation] [sceneID:com.vedantbhatt.lensi-default] Setting deactivation reasons to: '(none)' for reason: scene settings update - settings are eligible for deactivation reasons.
	<RBSLegacyAttribute| requestedReason:FinishTask reason:FinishTask flags:( AllowIdleSleep PreventTaskSuspend PreventTaskThrottleDown )>,
    [48422-40]; <keyboardFocus; 95CB632B-DC2B-4BF5-9AD8-F87566426EC1; <uq: 1; UIKit-localContainer>> -> <token: 0xE9949C18; pid: 48422>; reason: …gin event deferring in keyboardFocus for window: 0x116f21400,
    [48422-2]; <system; 95CB632B-DC2B-4BF5-9AD8-F87566426EC1; SBMainSystemGestures> -> <token: 0x554F98E1; pid: 48422>; reason: systemGestureSymbol-95CB632B-DC2B-4BF5-9AD8-F87566426EC1,
    [48422-1]; <system; 95CB632B-DC2B-4BF5-9AD8-F87566426EC1> -> <token: 0x554F98E1; pid: 48422>; reason: systemGestures-95CB632B-DC2B-4BF5-9AD8-F87566426EC1,
    [48422-3]; <keyboardFocus; …oard.systemappservices/SSK.primary.root(mainDisplay):SB-main> -> <token: <uq: 1; UIKit-localContainer>; pid: 48422>; reason: UIKit-localContainer,
    [48422-3F]; <keyboardFocus; …oard.systemappservices/SSK.primary.root(mainDisplay):SB-main> -> <token: …vices/FBSceneManager:sceneID%3Acom.vedantbhatt.lensi-default; pid: 90072>; reason: SB link
    [48422-3]; <keyboardFocus; com.apple.frontboard.systemappservices/SSK.primary.root(mainDisplay):SB-main> -> <token: <uq: 1; UIKit-localContainer>; pid: 48422>; reason: UIKit-localContainer,
    [48422-3F]; <keyboardFocus; com.apple.frontboard.systemappservices/SSK.primary.root(mainDisplay):SB-main> -> <token: com.apple.frontboard.systemappservices/FBSceneManager:sceneID%3Acom.vedantbhatt.lensi-default; pid: 90072>; reason: SB link
    [48422-40]; <keyboardFocus; 95CB632B-DC2B-4BF5-9AD8-F87566426EC1; <uq: 1; UIKit-localContainer>> -> <token: 0xE9949C18; pid: 48422>; reason: SBWindowScene: 0x10ca18c80: Begin event deferring in keyboardFocus for window: 0x116f21400,
    [48422-3]; <keyboardFocus; com.apple.frontboard.systemappservices/SSK.primary.root(mainDisplay):SB-main> -> <token: <uq: 1; UIKit-localContainer>; pid: 48422>; reason: UIKit-localContainer,
    [48422-3F]; <keyboardFocus; com.apple.frontboard.systemappservices/SSK.primary.root(mainDisplay):SB-main> -> <token: com.apple.frontboard.systemappservices/FBSceneManager:sceneID%3Acom.vedantbhatt.lensi-default; pid: 90072>; reason: SB link
